<?xml version="1.0" encoding="ISO-8859-1" ?>
<link_info>
   <banner>TI ARM Linker PC v18.12.4.LTS</banner>
   <copyright>Copyright (c) 1996-2018 Texas Instruments Incorporated</copyright>
   <link_time>0x5e706020</link_time>
   <link_errors>0x0</link_errors>
   <output_file>Milestone1.out</output_file>
   <entry_point>
      <name>_c_int00_noargs</name>
      <address>0x340d</address>
   </entry_point>
   <input_file_list>
      <input_file id="fl-2">
         <path>.\</path>
         <kind>object</kind>
         <file>buttons4.obj</file>
         <name>buttons4.obj</name>
      </input_file>
      <input_file id="fl-3">
         <path>.\</path>
         <kind>object</kind>
         <file>circBufT.obj</file>
         <name>circBufT.obj</name>
      </input_file>
      <input_file id="fl-4">
         <path>.\</path>
         <kind>object</kind>
         <file>i2c_driver.obj</file>
         <name>i2c_driver.obj</name>
      </input_file>
      <input_file id="fl-5">
         <path>.\</path>
         <kind>object</kind>
         <file>mileStoneOne3.obj</file>
         <name>mileStoneOne3.obj</name>
      </input_file>
      <input_file id="fl-6">
         <path>.\</path>
         <kind>object</kind>
         <file>tm4c123gh6pm_startup_ccs.obj</file>
         <name>tm4c123gh6pm_startup_ccs.obj</name>
      </input_file>
      <input_file id="fl-7">
         <path>.\</path>
         <kind>object</kind>
         <file>ustdlib.obj</file>
         <name>ustdlib.obj</name>
      </input_file>
      <input_file id="fl-8">
         <path>.\OrbitOLED\</path>
         <kind>object</kind>
         <file>OrbitOLEDInterface.obj</file>
         <name>OrbitOLEDInterface.obj</name>
      </input_file>
      <input_file id="fl-9">
         <path>.\OrbitOLED\lib_OrbitOled\</path>
         <kind>object</kind>
         <file>ChrFont0.obj</file>
         <name>ChrFont0.obj</name>
      </input_file>
      <input_file id="fl-a">
         <path>.\OrbitOLED\lib_OrbitOled\</path>
         <kind>object</kind>
         <file>FillPat.obj</file>
         <name>FillPat.obj</name>
      </input_file>
      <input_file id="fl-b">
         <path>.\OrbitOLED\lib_OrbitOled\</path>
         <kind>object</kind>
         <file>OrbitOled.obj</file>
         <name>OrbitOled.obj</name>
      </input_file>
      <input_file id="fl-c">
         <path>.\OrbitOLED\lib_OrbitOled\</path>
         <kind>object</kind>
         <file>OrbitOledChar.obj</file>
         <name>OrbitOledChar.obj</name>
      </input_file>
      <input_file id="fl-d">
         <path>.\OrbitOLED\lib_OrbitOled\</path>
         <kind>object</kind>
         <file>OrbitOledGrph.obj</file>
         <name>OrbitOledGrph.obj</name>
      </input_file>
      <input_file id="fl-e">
         <path>.\OrbitOLED\lib_OrbitOled\</path>
         <kind>object</kind>
         <file>delay.obj</file>
         <name>delay.obj</name>
      </input_file>
      <input_file id="fl-13">
         <kind>object</kind>
         <file>&lt;internal&gt;</file>
         <name>&lt;internal&gt;</name>
      </input_file>
      <input_file id="fl-c9">
         <path>C:\ti\ccs930\ccs\tools\compiler\ti-cgt-arm_18.12.4.LTS\lib\</path>
         <kind>archive</kind>
         <file>rtsv7M4_T_le_v4SPD16_eabi.lib</file>
         <name>u_divt2.asm.obj</name>
      </input_file>
      <input_file id="fl-ca">
         <path>C:\ti\ccs930\ccs\tools\compiler\ti-cgt-arm_18.12.4.LTS\lib\</path>
         <kind>archive</kind>
         <file>rtsv7M4_T_le_v4SPD16_eabi.lib</file>
         <name>memset_t2.asm.obj</name>
      </input_file>
      <input_file id="fl-cb">
         <path>C:\ti\ccs930\ccs\tools\compiler\ti-cgt-arm_18.12.4.LTS\lib\</path>
         <kind>archive</kind>
         <file>rtsv7M4_T_le_v4SPD16_eabi.lib</file>
         <name>copy_zero_init.c.obj</name>
      </input_file>
      <input_file id="fl-cc">
         <path>C:\ti\ccs930\ccs\tools\compiler\ti-cgt-arm_18.12.4.LTS\lib\</path>
         <kind>archive</kind>
         <file>rtsv7M4_T_le_v4SPD16_eabi.lib</file>
         <name>copy_decompress_none.c.obj</name>
      </input_file>
      <input_file id="fl-cd">
         <path>C:\ti\ccs930\ccs\tools\compiler\ti-cgt-arm_18.12.4.LTS\lib\</path>
         <kind>archive</kind>
         <file>rtsv7M4_T_le_v4SPD16_eabi.lib</file>
         <name>copy_decompress_lzss.c.obj</name>
      </input_file>
      <input_file id="fl-ce">
         <path>C:\ti\ccs930\ccs\tools\compiler\ti-cgt-arm_18.12.4.LTS\lib\</path>
         <kind>archive</kind>
         <file>rtsv7M4_T_le_v4SPD16_eabi.lib</file>
         <name>memory.c.obj</name>
      </input_file>
      <input_file id="fl-cf">
         <path>C:\ti\ccs930\ccs\tools\compiler\ti-cgt-arm_18.12.4.LTS\lib\</path>
         <kind>archive</kind>
         <file>rtsv7M4_T_le_v4SPD16_eabi.lib</file>
         <name>boot_cortex_m.c.obj</name>
      </input_file>
      <input_file id="fl-d0">
         <path>C:\ti\ccs930\ccs\tools\compiler\ti-cgt-arm_18.12.4.LTS\lib\</path>
         <kind>archive</kind>
         <file>rtsv7M4_T_le_v4SPD16_eabi.lib</file>
         <name>div0.asm.obj</name>
      </input_file>
      <input_file id="fl-d1">
         <path>C:\ti\ccs930\ccs\tools\compiler\ti-cgt-arm_18.12.4.LTS\lib\</path>
         <kind>archive</kind>
         <file>rtsv7M4_T_le_v4SPD16_eabi.lib</file>
         <name>memcpy_t2.asm.obj</name>
      </input_file>
      <input_file id="fl-d2">
         <path>C:\ti\ccs930\ccs\tools\compiler\ti-cgt-arm_18.12.4.LTS\lib\</path>
         <kind>archive</kind>
         <file>rtsv7M4_T_le_v4SPD16_eabi.lib</file>
         <name>autoinit.c.obj</name>
      </input_file>
      <input_file id="fl-d3">
         <path>C:\ti\ccs930\ccs\tools\compiler\ti-cgt-arm_18.12.4.LTS\lib\</path>
         <kind>archive</kind>
         <file>rtsv7M4_T_le_v4SPD16_eabi.lib</file>
         <name>pre_init.c.obj</name>
      </input_file>
      <input_file id="fl-d4">
         <path>C:\ti\ccs930\ccs\tools\compiler\ti-cgt-arm_18.12.4.LTS\lib\</path>
         <kind>archive</kind>
         <file>rtsv7M4_T_le_v4SPD16_eabi.lib</file>
         <name>cpy_tbl.c.obj</name>
      </input_file>
      <input_file id="fl-d5">
         <path>C:\ti\ccs930\ccs\tools\compiler\ti-cgt-arm_18.12.4.LTS\lib\</path>
         <kind>archive</kind>
         <file>rtsv7M4_T_le_v4SPD16_eabi.lib</file>
         <name>exit.c.obj</name>
      </input_file>
      <input_file id="fl-d6">
         <path>C:\ti\ccs930\ccs\tools\compiler\ti-cgt-arm_18.12.4.LTS\lib\</path>
         <kind>archive</kind>
         <file>rtsv7M4_T_le_v4SPD16_eabi.lib</file>
         <name>_lock.c.obj</name>
      </input_file>
      <input_file id="fl-d7">
         <path>C:\ti\ccs930\ccs\tools\compiler\ti-cgt-arm_18.12.4.LTS\lib\</path>
         <kind>archive</kind>
         <file>rtsv7M4_T_le_v4SPD16_eabi.lib</file>
         <name>args_main.c.obj</name>
      </input_file>
      <input_file id="fl-d8">
         <path>C:\ti\TivaWare_C_Series-2.1.4.178\driverlib\ccs\Debug\</path>
         <kind>archive</kind>
         <file>driverlib.lib</file>
         <name>gpio.obj</name>
      </input_file>
      <input_file id="fl-d9">
         <path>C:\ti\TivaWare_C_Series-2.1.4.178\driverlib\ccs\Debug\</path>
         <kind>archive</kind>
         <file>driverlib.lib</file>
         <name>i2c.obj</name>
      </input_file>
      <input_file id="fl-da">
         <path>C:\ti\TivaWare_C_Series-2.1.4.178\driverlib\ccs\Debug\</path>
         <kind>archive</kind>
         <file>driverlib.lib</file>
         <name>interrupt.obj</name>
      </input_file>
      <input_file id="fl-db">
         <path>C:\ti\TivaWare_C_Series-2.1.4.178\driverlib\ccs\Debug\</path>
         <kind>archive</kind>
         <file>driverlib.lib</file>
         <name>ssi.obj</name>
      </input_file>
      <input_file id="fl-dc">
         <path>C:\ti\TivaWare_C_Series-2.1.4.178\driverlib\ccs\Debug\</path>
         <kind>archive</kind>
         <file>driverlib.lib</file>
         <name>sysctl.obj</name>
      </input_file>
      <input_file id="fl-dd">
         <path>C:\ti\TivaWare_C_Series-2.1.4.178\driverlib\ccs\Debug\</path>
         <kind>archive</kind>
         <file>driverlib.lib</file>
         <name>timer.obj</name>
      </input_file>
      <input_file id="fl-de">
         <path>C:\ti\TivaWare_C_Series-2.1.4.178\driverlib\ccs\Debug\</path>
         <kind>archive</kind>
         <file>driverlib.lib</file>
         <name>cpu.obj</name>
      </input_file>
   </input_file_list>
   <object_component_list>
      <object_component id="oc-f">
         <name>.intvecs</name>
         <load_address>0x0</load_address>
         <run_address>0x0</run_address>
         <size>0x26c</size>
         <input_file_ref idref="fl-6"/>
      </object_component>
      <object_component id="oc-e4">
         <name>.text</name>
         <load_address>0x26c</load_address>
         <run_address>0x26c</run_address>
         <size>0xc84</size>
         <input_file_ref idref="fl-7"/>
      </object_component>
      <object_component id="oc-25b">
         <name>.text</name>
         <load_address>0xef0</load_address>
         <run_address>0xef0</run_address>
         <size>0x950</size>
         <input_file_ref idref="fl-d"/>
      </object_component>
      <object_component id="oc-9f">
         <name>.text</name>
         <load_address>0x1840</load_address>
         <run_address>0x1840</run_address>
         <size>0x73c</size>
         <input_file_ref idref="fl-5"/>
      </object_component>
      <object_component id="oc-192">
         <name>.text</name>
         <load_address>0x1f7c</load_address>
         <run_address>0x1f7c</run_address>
         <size>0x37c</size>
         <input_file_ref idref="fl-b"/>
      </object_component>
      <object_component id="oc-129">
         <name>.text</name>
         <load_address>0x22f8</load_address>
         <run_address>0x22f8</run_address>
         <size>0x220</size>
         <input_file_ref idref="fl-2"/>
      </object_component>
      <object_component id="oc-18c">
         <name>.text</name>
         <load_address>0x2518</load_address>
         <run_address>0x2518</run_address>
         <size>0x204</size>
         <input_file_ref idref="fl-c"/>
      </object_component>
      <object_component id="oc-11d">
         <name>.text</name>
         <load_address>0x271c</load_address>
         <run_address>0x271c</run_address>
         <size>0x204</size>
         <input_file_ref idref="fl-4"/>
      </object_component>
      <object_component id="oc-1c1">
         <name>.text:GPIOPadConfigSet</name>
         <load_address>0x2920</load_address>
         <run_address>0x2920</run_address>
         <size>0x132</size>
         <input_file_ref idref="fl-d8"/>
      </object_component>
      <object_component id="oc-303">
         <name>.text:_nop</name>
         <load_address>0x2a52</load_address>
         <run_address>0x2a52</run_address>
         <size>0x2</size>
         <input_file_ref idref="fl-d6"/>
      </object_component>
      <object_component id="oc-352">
         <name>.text:aligned_alloc</name>
         <load_address>0x2a54</load_address>
         <run_address>0x2a54</run_address>
         <size>0x118</size>
         <input_file_ref idref="fl-ce"/>
      </object_component>
      <object_component id="oc-10b">
         <name>.text:SysCtlClockGet</name>
         <load_address>0x2b6c</load_address>
         <run_address>0x2b6c</run_address>
         <size>0x110</size>
         <input_file_ref idref="fl-dc"/>
      </object_component>
      <object_component id="oc-d8">
         <name>.text:SysCtlClockSet</name>
         <load_address>0x2c7c</load_address>
         <run_address>0x2c7c</run_address>
         <size>0xf4</size>
         <input_file_ref idref="fl-dc"/>
      </object_component>
      <object_component id="oc-207">
         <name>.text:free</name>
         <load_address>0x2d70</load_address>
         <run_address>0x2d70</run_address>
         <size>0xe4</size>
         <input_file_ref idref="fl-ce"/>
      </object_component>
      <object_component id="oc-123">
         <name>.text</name>
         <load_address>0x2e54</load_address>
         <run_address>0x2e54</run_address>
         <size>0xb8</size>
         <input_file_ref idref="fl-3"/>
      </object_component>
      <object_component id="oc-3b">
         <name>.text</name>
         <load_address>0x2f0c</load_address>
         <run_address>0x2f0c</run_address>
         <size>0x9c</size>
         <input_file_ref idref="fl-d1"/>
      </object_component>
      <object_component id="oc-93">
         <name>.text</name>
         <load_address>0x2fa8</load_address>
         <run_address>0x2fa8</run_address>
         <size>0x7a</size>
         <input_file_ref idref="fl-ca"/>
      </object_component>
      <object_component id="oc-2b9">
         <name>.text</name>
         <load_address>0x3022</load_address>
         <run_address>0x3022</run_address>
         <size>0x2</size>
         <input_file_ref idref="fl-d0"/>
      </object_component>
      <object_component id="oc-379">
         <name>.text:split</name>
         <load_address>0x3024</load_address>
         <run_address>0x3024</run_address>
         <size>0x70</size>
         <input_file_ref idref="fl-ce"/>
      </object_component>
      <object_component id="oc-12">
         <name>.text:decompress:lzss:__TI_decompress_lzss</name>
         <load_address>0x3094</load_address>
         <run_address>0x3094</run_address>
         <size>0x68</size>
         <input_file_ref idref="fl-cd"/>
      </object_component>
      <object_component id="oc-32e">
         <name>.text:TimerConfigure</name>
         <load_address>0x30fc</load_address>
         <run_address>0x30fc</run_address>
         <size>0x60</size>
         <input_file_ref idref="fl-dd"/>
      </object_component>
      <object_component id="oc-270">
         <name>.text</name>
         <load_address>0x315c</load_address>
         <run_address>0x315c</run_address>
         <size>0x5c</size>
         <input_file_ref idref="fl-e"/>
      </object_component>
      <object_component id="oc-f3">
         <name>.text:SysCtlPeripheralReset</name>
         <load_address>0x31b8</load_address>
         <run_address>0x31b8</run_address>
         <size>0x50</size>
         <input_file_ref idref="fl-dc"/>
      </object_component>
      <object_component id="oc-111">
         <name>.text:I2CMasterInitExpClk</name>
         <load_address>0x3208</load_address>
         <run_address>0x3208</run_address>
         <size>0x4c</size>
         <input_file_ref idref="fl-d9"/>
      </object_component>
      <object_component id="oc-105">
         <name>.text:GPIOPinConfigure</name>
         <load_address>0x3254</load_address>
         <run_address>0x3254</run_address>
         <size>0x48</size>
         <input_file_ref idref="fl-d8"/>
      </object_component>
      <object_component id="oc-de">
         <name>.text</name>
         <load_address>0x329c</load_address>
         <run_address>0x329c</run_address>
         <size>0x44</size>
         <input_file_ref idref="fl-8"/>
      </object_component>
      <object_component id="oc-151">
         <name>.text:__TI_auto_init_nobinit_nopinit:__TI_auto_init_nobinit_nopinit</name>
         <load_address>0x32e0</load_address>
         <run_address>0x32e0</run_address>
         <size>0x44</size>
         <input_file_ref idref="fl-d2"/>
      </object_component>
      <object_component id="oc-19a">
         <name>.text</name>
         <load_address>0x3324</load_address>
         <run_address>0x3324</run_address>
         <size>0x40</size>
         <input_file_ref idref="fl-c9"/>
      </object_component>
      <object_component id="oc-282">
         <name>.text:SSIConfigSetExpClk</name>
         <load_address>0x3364</load_address>
         <run_address>0x3364</run_address>
         <size>0x3c</size>
         <input_file_ref idref="fl-db"/>
      </object_component>
      <object_component id="oc-201">
         <name>.text:calloc</name>
         <load_address>0x33a0</load_address>
         <run_address>0x33a0</run_address>
         <size>0x38</size>
         <input_file_ref idref="fl-ce"/>
      </object_component>
      <object_component id="oc-ed">
         <name>.text:SysCtlPeripheralEnable</name>
         <load_address>0x33d8</load_address>
         <run_address>0x33d8</run_address>
         <size>0x34</size>
         <input_file_ref idref="fl-dc"/>
      </object_component>
      <object_component id="oc-59">
         <name>.text:_c_int00_noargs:_c_int00_noargs</name>
         <load_address>0x340c</load_address>
         <run_address>0x340c</run_address>
         <size>0x34</size>
         <input_file_ref idref="fl-cf"/>
      </object_component>
      <object_component id="oc-1bb">
         <name>.text:GPIODirModeSet</name>
         <load_address>0x3440</load_address>
         <run_address>0x3440</run_address>
         <size>0x2a</size>
         <input_file_ref idref="fl-d8"/>
      </object_component>
      <object_component id="oc-2ea">
         <name>.text:free_list_insert</name>
         <load_address>0x346c</load_address>
         <run_address>0x346c</run_address>
         <size>0x28</size>
         <input_file_ref idref="fl-ce"/>
      </object_component>
      <object_component id="oc-47">
         <name>.text:decompress:ZI:__TI_zero_init_nomemset:__TI_zero_init_nomemset</name>
         <load_address>0x3494</load_address>
         <run_address>0x3494</run_address>
         <size>0x1c</size>
         <input_file_ref idref="fl-cb"/>
      </object_component>
      <object_component id="oc-2e4">
         <name>.text:free_list_remove</name>
         <load_address>0x34b0</load_address>
         <run_address>0x34b0</run_address>
         <size>0x1c</size>
         <input_file_ref idref="fl-ce"/>
      </object_component>
      <object_component id="oc-294">
         <name>.text:GPIOPinTypeGPIOOutput</name>
         <load_address>0x34cc</load_address>
         <run_address>0x34cc</run_address>
         <size>0x18</size>
         <input_file_ref idref="fl-d8"/>
      </object_component>
      <object_component id="oc-117">
         <name>.text:GPIOPinTypeGPIOInput</name>
         <load_address>0x34e4</load_address>
         <run_address>0x34e4</run_address>
         <size>0x12</size>
         <input_file_ref idref="fl-d8"/>
      </object_component>
      <object_component id="oc-f9">
         <name>.text:GPIOPinTypeI2C</name>
         <load_address>0x34f6</load_address>
         <run_address>0x34f6</run_address>
         <size>0x12</size>
         <input_file_ref idref="fl-d8"/>
      </object_component>
      <object_component id="oc-ff">
         <name>.text:GPIOPinTypeI2CSCL</name>
         <load_address>0x3508</load_address>
         <run_address>0x3508</run_address>
         <size>0x12</size>
         <input_file_ref idref="fl-d8"/>
      </object_component>
      <object_component id="oc-276">
         <name>.text:GPIOPinTypeSSI</name>
         <load_address>0x351a</load_address>
         <run_address>0x351a</run_address>
         <size>0x12</size>
         <input_file_ref idref="fl-d8"/>
      </object_component>
      <object_component id="oc-334">
         <name>.text:TimerEnable</name>
         <load_address>0x352c</load_address>
         <run_address>0x352c</run_address>
         <size>0xe</size>
         <input_file_ref idref="fl-dd"/>
      </object_component>
      <object_component id="oc-18">
         <name>.text:decompress:none:__TI_decompress_none</name>
         <load_address>0x353a</load_address>
         <run_address>0x353a</run_address>
         <size>0xe</size>
         <input_file_ref idref="fl-cc"/>
      </object_component>
      <object_component id="oc-2a6">
         <name>.text:SSIDataGet</name>
         <load_address>0x3548</load_address>
         <run_address>0x3548</run_address>
         <size>0xc</size>
         <input_file_ref idref="fl-db"/>
      </object_component>
      <object_component id="oc-27">
         <name>.text</name>
         <load_address>0x3554</load_address>
         <run_address>0x3554</run_address>
         <size>0xc</size>
         <input_file_ref idref="fl-6"/>
      </object_component>
      <object_component id="oc-1d2">
         <name>.text:I2CMasterEnable</name>
         <load_address>0x3560</load_address>
         <run_address>0x3560</run_address>
         <size>0xa</size>
         <input_file_ref idref="fl-d9"/>
      </object_component>
      <object_component id="oc-2a0">
         <name>.text:SSIDataPut</name>
         <load_address>0x356a</load_address>
         <run_address>0x356a</run_address>
         <size>0xa</size>
         <input_file_ref idref="fl-db"/>
      </object_component>
      <object_component id="oc-288">
         <name>.text:SSIEnable</name>
         <load_address>0x3574</load_address>
         <run_address>0x3574</run_address>
         <size>0xa</size>
         <input_file_ref idref="fl-db"/>
      </object_component>
      <object_component id="oc-33a">
         <name>.text:TimerValueGet</name>
         <load_address>0x357e</load_address>
         <run_address>0x357e</run_address>
         <size>0xa</size>
         <input_file_ref idref="fl-dd"/>
      </object_component>
      <object_component id="oc-1f9">
         <name>.text:I2CMasterBusBusy</name>
         <load_address>0x3588</load_address>
         <run_address>0x3588</run_address>
         <size>0x8</size>
         <input_file_ref idref="fl-d9"/>
      </object_component>
      <object_component id="oc-1ed">
         <name>.text:I2CMasterBusy</name>
         <load_address>0x3590</load_address>
         <run_address>0x3590</run_address>
         <size>0x8</size>
         <input_file_ref idref="fl-d9"/>
      </object_component>
      <object_component id="oc-1db">
         <name>.text:I2CMasterSlaveAddrSet</name>
         <load_address>0x3598</load_address>
         <run_address>0x3598</run_address>
         <size>0x8</size>
         <input_file_ref idref="fl-d9"/>
      </object_component>
      <object_component id="oc-29a">
         <name>.text:SSIBusy</name>
         <load_address>0x35a0</load_address>
         <run_address>0x35a0</run_address>
         <size>0x8</size>
         <input_file_ref idref="fl-db"/>
      </object_component>
      <object_component id="oc-2dd">
         <name>.text:malloc</name>
         <load_address>0x35a8</load_address>
         <run_address>0x35a8</run_address>
         <size>0x8</size>
         <input_file_ref idref="fl-ce"/>
      </object_component>
      <object_component id="oc-20f">
         <name>.text:GPIOPinRead</name>
         <load_address>0x35b0</load_address>
         <run_address>0x35b0</run_address>
         <size>0x6</size>
         <input_file_ref idref="fl-d8"/>
      </object_component>
      <object_component id="oc-28e">
         <name>.text:GPIOPinWrite</name>
         <load_address>0x35b6</load_address>
         <run_address>0x35b6</run_address>
         <size>0x6</size>
         <input_file_ref idref="fl-d8"/>
      </object_component>
      <object_component id="oc-27c">
         <name>.text:SSIClockSourceSet</name>
         <load_address>0x35bc</load_address>
         <run_address>0x35bc</run_address>
         <size>0x6</size>
         <input_file_ref idref="fl-db"/>
      </object_component>
      <object_component id="oc-12f">
         <name>.text:SysCtlDelay</name>
         <load_address>0x35c2</load_address>
         <run_address>0x35c2</run_address>
         <size>0x6</size>
         <input_file_ref idref="fl-dc"/>
      </object_component>
      <object_component id="oc-1e7">
         <name>.text:I2CMasterControl</name>
         <load_address>0x35c8</load_address>
         <run_address>0x35c8</run_address>
         <size>0x4</size>
         <input_file_ref idref="fl-d9"/>
      </object_component>
      <object_component id="oc-1f3">
         <name>.text:I2CMasterDataGet</name>
         <load_address>0x35cc</load_address>
         <run_address>0x35cc</run_address>
         <size>0x4</size>
         <input_file_ref idref="fl-d9"/>
      </object_component>
      <object_component id="oc-1e1">
         <name>.text:I2CMasterDataPut</name>
         <load_address>0x35d0</load_address>
         <run_address>0x35d0</run_address>
         <size>0x4</size>
         <input_file_ref idref="fl-d9"/>
      </object_component>
      <object_component id="oc-99">
         <name>.text:_system_pre_init</name>
         <load_address>0x35d4</load_address>
         <run_address>0x35d4</run_address>
         <size>0x4</size>
         <input_file_ref idref="fl-d3"/>
      </object_component>
      <object_component id="oc-145">
         <name>.text:abort:abort</name>
         <load_address>0x35d8</load_address>
         <run_address>0x35d8</run_address>
         <size>0x4</size>
         <input_file_ref idref="fl-d5"/>
      </object_component>
      <object_component id="oc-2ac">
         <name>.const:.string:rgbOledFont0</name>
         <load_address>0x35dc</load_address>
         <run_address>0x35dc</run_address>
         <size>0x300</size>
         <input_file_ref idref="fl-9"/>
      </object_component>
      <object_component id="oc-1c9">
         <name>.const:g_pui32GPIOBaseAddrs</name>
         <load_address>0x38dc</load_address>
         <run_address>0x38dc</run_address>
         <size>0x90</size>
         <input_file_ref idref="fl-d8"/>
      </object_component>
      <object_component id="oc-1ce">
         <name>.const:g_pui32Xtals</name>
         <load_address>0x396c</load_address>
         <run_address>0x396c</run_address>
         <size>0x6c</size>
         <input_file_ref idref="fl-dc"/>
      </object_component>
      <object_component id="oc-2b2">
         <name>.const:.string:rgbFillPat</name>
         <load_address>0x39d8</load_address>
         <run_address>0x39d8</run_address>
         <size>0x40</size>
         <input_file_ref idref="fl-a"/>
      </object_component>
      <object_component id="oc-1a2">
         <name>.const:g_psDaysToMonth</name>
         <load_address>0x3a18</load_address>
         <run_address>0x3a18</run_address>
         <size>0x30</size>
         <input_file_ref idref="fl-7"/>
      </object_component>
      <object_component id="oc-1a5">
         <name>.const:g_pfExponents</name>
         <load_address>0x3a48</load_address>
         <run_address>0x3a48</run_address>
         <size>0x18</size>
         <input_file_ref idref="fl-7"/>
      </object_component>
      <object_component id="oc-2bf">
         <name>.const:.string</name>
         <load_address>0x3a60</load_address>
         <run_address>0x3a60</run_address>
         <size>0x12</size>
         <input_file_ref idref="fl-7"/>
      </object_component>
      <object_component id="oc-19f">
         <name>.const</name>
         <load_address>0x3a74</load_address>
         <run_address>0x3a74</run_address>
         <size>0x4</size>
         <input_file_ref idref="fl-7"/>
      </object_component>
      <object_component id="oc-3ae">
         <name>.cinit..data.load</name>
         <load_address>0x3a78</load_address>
         <run_address>0x3a78</run_address>
         <size>0x10</size>
      </object_component>
      <object_component id="oc-3ac">
         <name>__TI_handler_table</name>
         <load_address>0x3a88</load_address>
         <run_address>0x3a88</run_address>
         <size>0xc</size>
      </object_component>
      <object_component id="oc-3af">
         <name>.cinit..bss.load</name>
         <load_address>0x3a98</load_address>
         <run_address>0x3a98</run_address>
         <size>0x8</size>
      </object_component>
      <object_component id="oc-3ad">
         <name>__TI_cinit_table</name>
         <load_address>0x3aa0</load_address>
         <run_address>0x3aa0</run_address>
         <size>0x10</size>
      </object_component>
      <object_component id="oc-ea">
         <name>.data</name>
         <load_address>0x20000998</load_address>
         <run_address>0x20000998</run_address>
         <size>0x6</size>
         <input_file_ref idref="fl-5"/>
      </object_component>
      <object_component id="oc-1a8">
         <name>.data</name>
         <load_address>0x200009a0</load_address>
         <run_address>0x200009a0</run_address>
         <size>0x4</size>
         <input_file_ref idref="fl-7"/>
      </object_component>
      <object_component id="oc-359">
         <name>.data:$O1$$</name>
         <load_address>0x20000990</load_address>
         <run_address>0x20000990</run_address>
         <size>0x8</size>
         <input_file_ref idref="fl-ce"/>
      </object_component>
      <object_component id="oc-238">
         <name>.data:$O1$$</name>
         <load_address>0x20000988</load_address>
         <run_address>0x20000988</run_address>
         <size>0x8</size>
         <input_file_ref idref="fl-d6"/>
      </object_component>
      <object_component id="oc-218">
         <name>.bss:but_state</name>
         <uninitialized>true</uninitialized>
         <run_address>0x2000073c</run_address>
         <size>0x4</size>
         <input_file_ref idref="fl-2"/>
      </object_component>
      <object_component id="oc-21b">
         <name>.bss:but_count</name>
         <uninitialized>true</uninitialized>
         <run_address>0x20000730</run_address>
         <size>0x4</size>
         <input_file_ref idref="fl-2"/>
      </object_component>
      <object_component id="oc-21e">
         <name>.bss:but_flag</name>
         <uninitialized>true</uninitialized>
         <run_address>0x20000734</run_address>
         <size>0x4</size>
         <input_file_ref idref="fl-2"/>
      </object_component>
      <object_component id="oc-215">
         <name>.bss:but_normal</name>
         <uninitialized>true</uninitialized>
         <run_address>0x20000738</run_address>
         <size>0x4</size>
         <input_file_ref idref="fl-2"/>
      </object_component>
      <object_component id="oc-130">
         <name>.bss:g_inBuffer_x</name>
         <uninitialized>true</uninitialized>
         <run_address>0x20000700</run_address>
         <size>0x10</size>
         <input_file_ref idref="fl-5"/>
      </object_component>
      <object_component id="oc-133">
         <name>.bss:g_inBuffer_y</name>
         <uninitialized>true</uninitialized>
         <run_address>0x20000710</run_address>
         <size>0x10</size>
         <input_file_ref idref="fl-5"/>
      </object_component>
      <object_component id="oc-136">
         <name>.bss:g_inBuffer_z</name>
         <uninitialized>true</uninitialized>
         <run_address>0x20000720</run_address>
         <size>0x10</size>
         <input_file_ref idref="fl-5"/>
      </object_component>
      <object_component id="oc-322">
         <name>.common:xcoOledCur</name>
         <uninitialized>true</uninitialized>
         <run_address>0x20000770</run_address>
         <size>0x4</size>
      </object_component>
      <object_component id="oc-323">
         <name>.common:ycoOledCur</name>
         <uninitialized>true</uninitialized>
         <run_address>0x2000077c</run_address>
         <size>0x4</size>
      </object_component>
      <object_component id="oc-26e">
         <name>.common:pbOledCur</name>
         <uninitialized>true</uninitialized>
         <run_address>0x20000754</run_address>
         <size>0x4</size>
      </object_component>
      <object_component id="oc-324">
         <name>.common:bnOledCur</name>
         <uninitialized>true</uninitialized>
         <run_address>0x20000740</run_address>
         <size>0x4</size>
      </object_component>
      <object_component id="oc-2b0">
         <name>.common:clrOledCur</name>
         <uninitialized>true</uninitialized>
         <run_address>0x20000780</run_address>
         <size>0x1</size>
      </object_component>
      <object_component id="oc-2b1">
         <name>.common:pbOledPatCur</name>
         <uninitialized>true</uninitialized>
         <run_address>0x20000760</run_address>
         <size>0x4</size>
      </object_component>
      <object_component id="oc-26c">
         <name>.common:fOledCharUpdate</name>
         <uninitialized>true</uninitialized>
         <run_address>0x2000074c</run_address>
         <size>0x4</size>
      </object_component>
      <object_component id="oc-267">
         <name>.common:dxcoOledFontCur</name>
         <uninitialized>true</uninitialized>
         <run_address>0x20000744</run_address>
         <size>0x4</size>
      </object_component>
      <object_component id="oc-26a">
         <name>.common:dycoOledFontCur</name>
         <uninitialized>true</uninitialized>
         <run_address>0x20000748</run_address>
         <size>0x4</size>
      </object_component>
      <object_component id="oc-26d">
         <name>.common:pbOledFontCur</name>
         <uninitialized>true</uninitialized>
         <run_address>0x20000758</run_address>
         <size>0x4</size>
      </object_component>
      <object_component id="oc-26b">
         <name>.common:pbOledFontUser</name>
         <uninitialized>true</uninitialized>
         <run_address>0x2000075c</run_address>
         <size>0x4</size>
      </object_component>
      <object_component id="oc-2b5">
         <name>.common:rgbOledBmp</name>
         <uninitialized>true</uninitialized>
         <run_address>0x20000400</run_address>
         <size>0x200</size>
      </object_component>
      <object_component id="oc-265">
         <name>.common:xchOledCur</name>
         <uninitialized>true</uninitialized>
         <run_address>0x20000768</run_address>
         <size>0x4</size>
      </object_component>
      <object_component id="oc-266">
         <name>.common:ychOledCur</name>
         <uninitialized>true</uninitialized>
         <run_address>0x20000774</run_address>
         <size>0x4</size>
      </object_component>
      <object_component id="oc-261">
         <name>.common:xchOledMax</name>
         <uninitialized>true</uninitialized>
         <run_address>0x2000076c</run_address>
         <size>0x4</size>
      </object_component>
      <object_component id="oc-264">
         <name>.common:ychOledMax</name>
         <uninitialized>true</uninitialized>
         <run_address>0x20000778</run_address>
         <size>0x4</size>
      </object_component>
      <object_component id="oc-2af">
         <name>.common:rgbOledFontUser</name>
         <uninitialized>true</uninitialized>
         <run_address>0x20000600</run_address>
         <size>0x100</size>
      </object_component>
      <object_component id="oc-328">
         <name>.common:pfnDoRop</name>
         <uninitialized>true</uninitialized>
         <run_address>0x20000764</run_address>
         <size>0x4</size>
      </object_component>
      <object_component id="oc-325">
         <name>.common:modOledCur</name>
         <uninitialized>true</uninitialized>
         <run_address>0x20000750</run_address>
         <size>0x4</size>
      </object_component>
      <object_component id="oc-21">
         <name>.sysmem</name>
         <uninitialized>true</uninitialized>
         <run_address>0x20000788</run_address>
         <size>0x10</size>
         <input_file_ref idref="fl-ce"/>
      </object_component>
      <object_component id="oc-3b1">
         <name>.sysmem</name>
         <uninitialized>true</uninitialized>
         <run_address>0x20000788</run_address>
         <size>0x0</size>
      </object_component>
      <object_component id="oc-24">
         <name>.stack</name>
         <uninitialized>true</uninitialized>
         <run_address>0x20000000</run_address>
         <size>0x4</size>
         <input_file_ref idref="fl-cf"/>
      </object_component>
      <object_component id="oc-3b0">
         <name>.stack</name>
         <uninitialized>true</uninitialized>
         <run_address>0x20000000</run_address>
         <size>0x0</size>
      </object_component>
      <object_component id="oc-c7">
         <name>.debug_info</name>
         <load_address>0x0</load_address>
         <run_address>0x0</run_address>
         <size>0x367</size>
         <input_file_ref idref="fl-2"/>
      </object_component>
      <object_component id="oc-219">
         <name>.debug_info</name>
         <load_address>0x367</load_address>
         <run_address>0x367</run_address>
         <size>0xd1</size>
         <input_file_ref idref="fl-2"/>
      </object_component>
      <object_component id="oc-21c">
         <name>.debug_info</name>
         <load_address>0x438</load_address>
         <run_address>0x438</run_address>
         <size>0xd1</size>
         <input_file_ref idref="fl-2"/>
      </object_component>
      <object_component id="oc-21f">
         <name>.debug_info</name>
         <load_address>0x509</load_address>
         <run_address>0x509</run_address>
         <size>0xcf</size>
         <input_file_ref idref="fl-2"/>
      </object_component>
      <object_component id="oc-216">
         <name>.debug_info</name>
         <load_address>0x5d8</load_address>
         <run_address>0x5d8</run_address>
         <size>0xd3</size>
         <input_file_ref idref="fl-2"/>
      </object_component>
      <object_component id="oc-12a">
         <name>.debug_info</name>
         <load_address>0x6ab</load_address>
         <run_address>0x6ab</run_address>
         <size>0x399</size>
         <input_file_ref idref="fl-2"/>
      </object_component>
      <object_component id="oc-74">
         <name>.debug_info</name>
         <load_address>0xa44</load_address>
         <run_address>0xa44</run_address>
         <size>0x26b</size>
         <input_file_ref idref="fl-2"/>
      </object_component>
      <object_component id="oc-c2">
         <name>.debug_info</name>
         <load_address>0xcaf</load_address>
         <run_address>0xcaf</run_address>
         <size>0x8b</size>
         <input_file_ref idref="fl-2"/>
      </object_component>
      <object_component id="oc-bd">
         <name>.debug_info</name>
         <load_address>0xd3a</load_address>
         <run_address>0xd3a</run_address>
         <size>0x297</size>
         <input_file_ref idref="fl-2"/>
      </object_component>
      <object_component id="oc-79">
         <name>.debug_info</name>
         <load_address>0xfd1</load_address>
         <run_address>0xfd1</run_address>
         <size>0xbb</size>
         <input_file_ref idref="fl-2"/>
      </object_component>
      <object_component id="oc-20e">
         <name>.debug_info</name>
         <load_address>0x108c</load_address>
         <run_address>0x108c</run_address>
         <size>0x2d6</size>
         <input_file_ref idref="fl-3"/>
      </object_component>
      <object_component id="oc-124">
         <name>.debug_info</name>
         <load_address>0x1362</load_address>
         <run_address>0x1362</run_address>
         <size>0x327</size>
         <input_file_ref idref="fl-3"/>
      </object_component>
      <object_component id="oc-140">
         <name>.debug_info</name>
         <load_address>0x1689</load_address>
         <run_address>0x1689</run_address>
         <size>0x86</size>
         <input_file_ref idref="fl-3"/>
      </object_component>
      <object_component id="oc-2f3">
         <name>.debug_info</name>
         <load_address>0x170f</load_address>
         <run_address>0x170f</run_address>
         <size>0x110</size>
         <input_file_ref idref="fl-3"/>
      </object_component>
      <object_component id="oc-36">
         <name>.debug_info</name>
         <load_address>0x181f</load_address>
         <run_address>0x181f</run_address>
         <size>0x84</size>
         <input_file_ref idref="fl-3"/>
      </object_component>
      <object_component id="oc-200">
         <name>.debug_info</name>
         <load_address>0x18a3</load_address>
         <run_address>0x18a3</run_address>
         <size>0x3b9</size>
         <input_file_ref idref="fl-4"/>
      </object_component>
      <object_component id="oc-120">
         <name>.debug_info</name>
         <load_address>0x1c5c</load_address>
         <run_address>0x1c5c</run_address>
         <size>0x538</size>
         <input_file_ref idref="fl-4"/>
      </object_component>
      <object_component id="oc-13a">
         <name>.debug_info</name>
         <load_address>0x2194</load_address>
         <run_address>0x2194</run_address>
         <size>0x6f3</size>
         <input_file_ref idref="fl-5"/>
      </object_component>
      <object_component id="oc-eb">
         <name>.debug_info</name>
         <load_address>0x2887</load_address>
         <run_address>0x2887</run_address>
         <size>0x15d</size>
         <input_file_ref idref="fl-5"/>
      </object_component>
      <object_component id="oc-131">
         <name>.debug_info</name>
         <load_address>0x29e4</load_address>
         <run_address>0x29e4</run_address>
         <size>0xdc</size>
         <input_file_ref idref="fl-5"/>
      </object_component>
      <object_component id="oc-134">
         <name>.debug_info</name>
         <load_address>0x2ac0</load_address>
         <run_address>0x2ac0</run_address>
         <size>0xdc</size>
         <input_file_ref idref="fl-5"/>
      </object_component>
      <object_component id="oc-137">
         <name>.debug_info</name>
         <load_address>0x2b9c</load_address>
         <run_address>0x2b9c</run_address>
         <size>0xdc</size>
         <input_file_ref idref="fl-5"/>
      </object_component>
      <object_component id="oc-a1">
         <name>.debug_info</name>
         <load_address>0x2c78</load_address>
         <run_address>0x2c78</run_address>
         <size>0xe65</size>
         <input_file_ref idref="fl-5"/>
      </object_component>
      <object_component id="oc-13b">
         <name>.debug_info</name>
         <load_address>0x3add</load_address>
         <run_address>0x3add</run_address>
         <size>0x72</size>
         <input_file_ref idref="fl-5"/>
      </object_component>
      <object_component id="oc-22f">
         <name>.debug_info</name>
         <load_address>0x3b4f</load_address>
         <run_address>0x3b4f</run_address>
         <size>0xcc</size>
         <input_file_ref idref="fl-5"/>
      </object_component>
      <object_component id="oc-1b2">
         <name>.debug_info</name>
         <load_address>0x3c1b</load_address>
         <run_address>0x3c1b</run_address>
         <size>0x2c</size>
         <input_file_ref idref="fl-5"/>
      </object_component>
      <object_component id="oc-22a">
         <name>.debug_info</name>
         <load_address>0x3c47</load_address>
         <run_address>0x3c47</run_address>
         <size>0x35</size>
         <input_file_ref idref="fl-5"/>
      </object_component>
      <object_component id="oc-2f">
         <name>.debug_info</name>
         <load_address>0x3c7c</load_address>
         <run_address>0x3c7c</run_address>
         <size>0x2a9</size>
         <input_file_ref idref="fl-6"/>
      </object_component>
      <object_component id="oc-10">
         <name>.debug_info</name>
         <load_address>0x3f25</load_address>
         <run_address>0x3f25</run_address>
         <size>0xe8</size>
         <input_file_ref idref="fl-6"/>
      </object_component>
      <object_component id="oc-28">
         <name>.debug_info</name>
         <load_address>0x400d</load_address>
         <run_address>0x400d</run_address>
         <size>0x264</size>
         <input_file_ref idref="fl-6"/>
      </object_component>
      <object_component id="oc-1ac">
         <name>.debug_info</name>
         <load_address>0x4271</load_address>
         <run_address>0x4271</run_address>
         <size>0x2ea</size>
         <input_file_ref idref="fl-7"/>
      </object_component>
      <object_component id="oc-1a0">
         <name>.debug_info</name>
         <load_address>0x455b</load_address>
         <run_address>0x455b</run_address>
         <size>0xf1</size>
         <input_file_ref idref="fl-7"/>
      </object_component>
      <object_component id="oc-1a3">
         <name>.debug_info</name>
         <load_address>0x464c</load_address>
         <run_address>0x464c</run_address>
         <size>0x102</size>
         <input_file_ref idref="fl-7"/>
      </object_component>
      <object_component id="oc-1a6">
         <name>.debug_info</name>
         <load_address>0x474e</load_address>
         <run_address>0x474e</run_address>
         <size>0xfe</size>
         <input_file_ref idref="fl-7"/>
      </object_component>
      <object_component id="oc-1a9">
         <name>.debug_info</name>
         <load_address>0x484c</load_address>
         <run_address>0x484c</run_address>
         <size>0xfe</size>
         <input_file_ref idref="fl-7"/>
      </object_component>
      <object_component id="oc-e6">
         <name>.debug_info</name>
         <load_address>0x494a</load_address>
         <run_address>0x494a</run_address>
         <size>0x135a</size>
         <input_file_ref idref="fl-7"/>
      </object_component>
      <object_component id="oc-1ad">
         <name>.debug_info</name>
         <load_address>0x5ca4</load_address>
         <run_address>0x5ca4</run_address>
         <size>0x196</size>
         <input_file_ref idref="fl-7"/>
      </object_component>
      <object_component id="oc-199">
         <name>.debug_info</name>
         <load_address>0x5e3a</load_address>
         <run_address>0x5e3a</run_address>
         <size>0x347</size>
         <input_file_ref idref="fl-8"/>
      </object_component>
      <object_component id="oc-e0">
         <name>.debug_info</name>
         <load_address>0x6181</load_address>
         <run_address>0x6181</run_address>
         <size>0x2f2</size>
         <input_file_ref idref="fl-8"/>
      </object_component>
      <object_component id="oc-34d">
         <name>.debug_info</name>
         <load_address>0x6473</load_address>
         <run_address>0x6473</run_address>
         <size>0xdc</size>
         <input_file_ref idref="fl-9"/>
      </object_component>
      <object_component id="oc-2ad">
         <name>.debug_info</name>
         <load_address>0x654f</load_address>
         <run_address>0x654f</run_address>
         <size>0xf0</size>
         <input_file_ref idref="fl-9"/>
      </object_component>
      <object_component id="oc-350">
         <name>.debug_info</name>
         <load_address>0x663f</load_address>
         <run_address>0x663f</run_address>
         <size>0xd9</size>
         <input_file_ref idref="fl-a"/>
      </object_component>
      <object_component id="oc-2b3">
         <name>.debug_info</name>
         <load_address>0x6718</load_address>
         <run_address>0x6718</run_address>
         <size>0xeb</size>
         <input_file_ref idref="fl-a"/>
      </object_component>
      <object_component id="oc-268">
         <name>.debug_info</name>
         <load_address>0x6803</load_address>
         <run_address>0x6803</run_address>
         <size>0x849</size>
         <input_file_ref idref="fl-b"/>
      </object_component>
      <object_component id="oc-193">
         <name>.debug_info</name>
         <load_address>0x704c</load_address>
         <run_address>0x704c</run_address>
         <size>0xbd7</size>
         <input_file_ref idref="fl-b"/>
      </object_component>
      <object_component id="oc-262">
         <name>.debug_info</name>
         <load_address>0x7c23</load_address>
         <run_address>0x7c23</run_address>
         <size>0x4c6</size>
         <input_file_ref idref="fl-c"/>
      </object_component>
      <object_component id="oc-18e">
         <name>.debug_info</name>
         <load_address>0x80e9</load_address>
         <run_address>0x80e9</run_address>
         <size>0x8aa</size>
         <input_file_ref idref="fl-c"/>
      </object_component>
      <object_component id="oc-326">
         <name>.debug_info</name>
         <load_address>0x8993</load_address>
         <run_address>0x8993</run_address>
         <size>0x4a0</size>
         <input_file_ref idref="fl-d"/>
      </object_component>
      <object_component id="oc-25f">
         <name>.debug_info</name>
         <load_address>0x8e33</load_address>
         <run_address>0x8e33</run_address>
         <size>0x1b42</size>
         <input_file_ref idref="fl-d"/>
      </object_component>
      <object_component id="oc-273">
         <name>.debug_info</name>
         <load_address>0xa975</load_address>
         <run_address>0xa975</run_address>
         <size>0x23d</size>
         <input_file_ref idref="fl-e"/>
      </object_component>
      <object_component id="oc-19b">
         <name>.debug_info</name>
         <load_address>0xabb2</load_address>
         <run_address>0xabb2</run_address>
         <size>0x141</size>
         <input_file_ref idref="fl-c9"/>
      </object_component>
      <object_component id="oc-94">
         <name>.debug_info</name>
         <load_address>0xacf3</load_address>
         <run_address>0xacf3</run_address>
         <size>0x146</size>
         <input_file_ref idref="fl-ca"/>
      </object_component>
      <object_component id="oc-92">
         <name>.debug_info</name>
         <load_address>0xae39</load_address>
         <run_address>0xae39</run_address>
         <size>0x2d3</size>
         <input_file_ref idref="fl-cb"/>
      </object_component>
      <object_component id="oc-4a">
         <name>.debug_info</name>
         <load_address>0xb10c</load_address>
         <run_address>0xb10c</run_address>
         <size>0x1d1</size>
         <input_file_ref idref="fl-cb"/>
      </object_component>
      <object_component id="oc-8d">
         <name>.debug_info</name>
         <load_address>0xb2dd</load_address>
         <run_address>0xb2dd</run_address>
         <size>0x46</size>
         <input_file_ref idref="fl-cb"/>
      </object_component>
      <object_component id="oc-cf">
         <name>.debug_info</name>
         <load_address>0xb323</load_address>
         <run_address>0xb323</run_address>
         <size>0x2c</size>
         <input_file_ref idref="fl-cb"/>
      </object_component>
      <object_component id="oc-46">
         <name>.debug_info</name>
         <load_address>0xb34f</load_address>
         <run_address>0xb34f</run_address>
         <size>0x2a7</size>
         <input_file_ref idref="fl-cc"/>
      </object_component>
      <object_component id="oc-1a">
         <name>.debug_info</name>
         <load_address>0xb5f6</load_address>
         <run_address>0xb5f6</run_address>
         <size>0x1e9</size>
         <input_file_ref idref="fl-cc"/>
      </object_component>
      <object_component id="oc-41">
         <name>.debug_info</name>
         <load_address>0xb7df</load_address>
         <run_address>0xb7df</run_address>
         <size>0x46</size>
         <input_file_ref idref="fl-cc"/>
      </object_component>
      <object_component id="oc-85">
         <name>.debug_info</name>
         <load_address>0xb825</load_address>
         <run_address>0xb825</run_address>
         <size>0x2c</size>
         <input_file_ref idref="fl-cc"/>
      </object_component>
      <object_component id="oc-83">
         <name>.debug_info</name>
         <load_address>0xb851</load_address>
         <run_address>0xb851</run_address>
         <size>0x29d</size>
         <input_file_ref idref="fl-cd"/>
      </object_component>
      <object_component id="oc-16">
         <name>.debug_info</name>
         <load_address>0xbaee</load_address>
         <run_address>0xbaee</run_address>
         <size>0x24f</size>
         <input_file_ref idref="fl-cd"/>
      </object_component>
      <object_component id="oc-31">
         <name>.debug_info</name>
         <load_address>0xbd3d</load_address>
         <run_address>0xbd3d</run_address>
         <size>0x60</size>
         <input_file_ref idref="fl-cd"/>
      </object_component>
      <object_component id="oc-c8">
         <name>.debug_info</name>
         <load_address>0xbd9d</load_address>
         <run_address>0xbd9d</run_address>
         <size>0x46</size>
         <input_file_ref idref="fl-cd"/>
      </object_component>
      <object_component id="oc-7e">
         <name>.debug_info</name>
         <load_address>0xbde3</load_address>
         <run_address>0xbde3</run_address>
         <size>0x39</size>
         <input_file_ref idref="fl-cd"/>
      </object_component>
      <object_component id="oc-6d">
         <name>.debug_info</name>
         <load_address>0xbe1c</load_address>
         <run_address>0xbe1c</run_address>
         <size>0x3b1</size>
         <input_file_ref idref="fl-ce"/>
      </object_component>
      <object_component id="oc-22">
         <name>.debug_info</name>
         <load_address>0xc1cd</load_address>
         <run_address>0xc1cd</run_address>
         <size>0x10b</size>
         <input_file_ref idref="fl-ce"/>
      </object_component>
      <object_component id="oc-35a">
         <name>.debug_info</name>
         <load_address>0xc2d8</load_address>
         <run_address>0xc2d8</run_address>
         <size>0x13e</size>
         <input_file_ref idref="fl-ce"/>
      </object_component>
      <object_component id="oc-2e1">
         <name>.debug_info</name>
         <load_address>0xc416</load_address>
         <run_address>0xc416</run_address>
         <size>0x167</size>
         <input_file_ref idref="fl-ce"/>
      </object_component>
      <object_component id="oc-2e8">
         <name>.debug_info</name>
         <load_address>0xc57d</load_address>
         <run_address>0xc57d</run_address>
         <size>0x18d</size>
         <input_file_ref idref="fl-ce"/>
      </object_component>
      <object_component id="oc-2ee">
         <name>.debug_info</name>
         <load_address>0xc70a</load_address>
         <run_address>0xc70a</run_address>
         <size>0x19e</size>
         <input_file_ref idref="fl-ce"/>
      </object_component>
      <object_component id="oc-20b">
         <name>.debug_info</name>
         <load_address>0xc8a8</load_address>
         <run_address>0xc8a8</run_address>
         <size>0x202</size>
         <input_file_ref idref="fl-ce"/>
      </object_component>
      <object_component id="oc-37d">
         <name>.debug_info</name>
         <load_address>0xcaaa</load_address>
         <run_address>0xcaaa</run_address>
         <size>0x1da</size>
         <input_file_ref idref="fl-ce"/>
      </object_component>
      <object_component id="oc-205">
         <name>.debug_info</name>
         <load_address>0xcc84</load_address>
         <run_address>0xcc84</run_address>
         <size>0x1a4</size>
         <input_file_ref idref="fl-ce"/>
      </object_component>
      <object_component id="oc-356">
         <name>.debug_info</name>
         <load_address>0xce28</load_address>
         <run_address>0xce28</run_address>
         <size>0x298</size>
         <input_file_ref idref="fl-ce"/>
      </object_component>
      <object_component id="oc-b8">
         <name>.debug_info</name>
         <load_address>0xd0c0</load_address>
         <run_address>0xd0c0</run_address>
         <size>0xb2</size>
         <input_file_ref idref="fl-ce"/>
      </object_component>
      <object_component id="oc-b3">
         <name>.debug_info</name>
         <load_address>0xd172</load_address>
         <run_address>0xd172</run_address>
         <size>0x2c</size>
         <input_file_ref idref="fl-ce"/>
      </object_component>
      <object_component id="oc-25">
         <name>.debug_info</name>
         <load_address>0xd19e</load_address>
         <run_address>0xd19e</run_address>
         <size>0x10a</size>
         <input_file_ref idref="fl-cf"/>
      </object_component>
      <object_component id="oc-5c">
         <name>.debug_info</name>
         <load_address>0xd2a8</load_address>
         <run_address>0xd2a8</run_address>
         <size>0x1a8</size>
         <input_file_ref idref="fl-cf"/>
      </object_component>
      <object_component id="oc-2ba">
         <name>.debug_info</name>
         <load_address>0xd450</load_address>
         <run_address>0xd450</run_address>
         <size>0x114</size>
         <input_file_ref idref="fl-d0"/>
      </object_component>
      <object_component id="oc-3c">
         <name>.debug_info</name>
         <load_address>0xd564</load_address>
         <run_address>0xd564</run_address>
         <size>0x118</size>
         <input_file_ref idref="fl-d1"/>
      </object_component>
      <object_component id="oc-23f">
         <name>.debug_info</name>
         <load_address>0xd67c</load_address>
         <run_address>0xd67c</run_address>
         <size>0x4b2</size>
         <input_file_ref idref="fl-d2"/>
      </object_component>
      <object_component id="oc-152">
         <name>.debug_info</name>
         <load_address>0xdb2e</load_address>
         <run_address>0xdb2e</run_address>
         <size>0x1a5</size>
         <input_file_ref idref="fl-d2"/>
      </object_component>
      <object_component id="oc-311">
         <name>.debug_info</name>
         <load_address>0xdcd3</load_address>
         <run_address>0xdcd3</run_address>
         <size>0x39</size>
         <input_file_ref idref="fl-d2"/>
      </object_component>
      <object_component id="oc-361">
         <name>.debug_info</name>
         <load_address>0xdd0c</load_address>
         <run_address>0xdd0c</run_address>
         <size>0x39</size>
         <input_file_ref idref="fl-d2"/>
      </object_component>
      <object_component id="oc-316">
         <name>.debug_info</name>
         <load_address>0xdd45</load_address>
         <run_address>0xdd45</run_address>
         <size>0x39</size>
         <input_file_ref idref="fl-d2"/>
      </object_component>
      <object_component id="oc-31b">
         <name>.debug_info</name>
         <load_address>0xdd7e</load_address>
         <run_address>0xdd7e</run_address>
         <size>0xcd</size>
         <input_file_ref idref="fl-d2"/>
      </object_component>
      <object_component id="oc-9d">
         <name>.debug_info</name>
         <load_address>0xde4b</load_address>
         <run_address>0xde4b</run_address>
         <size>0x152</size>
         <input_file_ref idref="fl-d3"/>
      </object_component>
      <object_component id="oc-148">
         <name>.debug_info</name>
         <load_address>0xdf9d</load_address>
         <run_address>0xdf9d</run_address>
         <size>0x121</size>
         <input_file_ref idref="fl-d5"/>
      </object_component>
      <object_component id="oc-30b">
         <name>.debug_info</name>
         <load_address>0xe0be</load_address>
         <run_address>0xe0be</run_address>
         <size>0x2c8</size>
         <input_file_ref idref="fl-d6"/>
      </object_component>
      <object_component id="oc-239">
         <name>.debug_info</name>
         <load_address>0xe386</load_address>
         <run_address>0xe386</run_address>
         <size>0x11d</size>
         <input_file_ref idref="fl-d6"/>
      </object_component>
      <object_component id="oc-305">
         <name>.debug_info</name>
         <load_address>0xe4a3</load_address>
         <run_address>0xe4a3</run_address>
         <size>0x12d</size>
         <input_file_ref idref="fl-d6"/>
      </object_component>
      <object_component id="oc-1cd">
         <name>.debug_info</name>
         <load_address>0xe5d0</load_address>
         <run_address>0xe5d0</run_address>
         <size>0x240</size>
         <input_file_ref idref="fl-d8"/>
      </object_component>
      <object_component id="oc-1ca">
         <name>.debug_info</name>
         <load_address>0xe810</load_address>
         <run_address>0xe810</run_address>
         <size>0x15b</size>
         <input_file_ref idref="fl-d8"/>
      </object_component>
      <object_component id="oc-28f">
         <name>.debug_info</name>
         <load_address>0xe96b</load_address>
         <run_address>0xe96b</run_address>
         <size>0x2a3</size>
         <input_file_ref idref="fl-d8"/>
      </object_component>
      <object_component id="oc-1bc">
         <name>.debug_info</name>
         <load_address>0xec0e</load_address>
         <run_address>0xec0e</run_address>
         <size>0x2b3</size>
         <input_file_ref idref="fl-d8"/>
      </object_component>
      <object_component id="oc-1c2">
         <name>.debug_info</name>
         <load_address>0xeec1</load_address>
         <run_address>0xeec1</run_address>
         <size>0x316</size>
         <input_file_ref idref="fl-d8"/>
      </object_component>
      <object_component id="oc-277">
         <name>.debug_info</name>
         <load_address>0xf1d7</load_address>
         <run_address>0xf1d7</run_address>
         <size>0x279</size>
         <input_file_ref idref="fl-d8"/>
      </object_component>
      <object_component id="oc-100">
         <name>.debug_info</name>
         <load_address>0xf450</load_address>
         <run_address>0xf450</run_address>
         <size>0x27f</size>
         <input_file_ref idref="fl-d8"/>
      </object_component>
      <object_component id="oc-fa">
         <name>.debug_info</name>
         <load_address>0xf6cf</load_address>
         <run_address>0xf6cf</run_address>
         <size>0x279</size>
         <input_file_ref idref="fl-d8"/>
      </object_component>
      <object_component id="oc-295">
         <name>.debug_info</name>
         <load_address>0xf948</load_address>
         <run_address>0xf948</run_address>
         <size>0x2b7</size>
         <input_file_ref idref="fl-d8"/>
      </object_component>
      <object_component id="oc-118">
         <name>.debug_info</name>
         <load_address>0xfbff</load_address>
         <run_address>0xfbff</run_address>
         <size>0x285</size>
         <input_file_ref idref="fl-d8"/>
      </object_component>
      <object_component id="oc-210">
         <name>.debug_info</name>
         <load_address>0xfe84</load_address>
         <run_address>0xfe84</run_address>
         <size>0x27b</size>
         <input_file_ref idref="fl-d8"/>
      </object_component>
      <object_component id="oc-106">
         <name>.debug_info</name>
         <load_address>0x100ff</load_address>
         <run_address>0x100ff</run_address>
         <size>0x280</size>
         <input_file_ref idref="fl-d8"/>
      </object_component>
      <object_component id="oc-186">
         <name>.debug_info</name>
         <load_address>0x1037f</load_address>
         <run_address>0x1037f</run_address>
         <size>0x18b</size>
         <input_file_ref idref="fl-d8"/>
      </object_component>
      <object_component id="oc-1d9">
         <name>.debug_info</name>
         <load_address>0x1050a</load_address>
         <run_address>0x1050a</run_address>
         <size>0x231</size>
         <input_file_ref idref="fl-d9"/>
      </object_component>
      <object_component id="oc-1dc">
         <name>.debug_info</name>
         <load_address>0x1073b</load_address>
         <run_address>0x1073b</run_address>
         <size>0x2ce</size>
         <input_file_ref idref="fl-d9"/>
      </object_component>
      <object_component id="oc-1d3">
         <name>.debug_info</name>
         <load_address>0x10a09</load_address>
         <run_address>0x10a09</run_address>
         <size>0x24e</size>
         <input_file_ref idref="fl-d9"/>
      </object_component>
      <object_component id="oc-112">
         <name>.debug_info</name>
         <load_address>0x10c57</load_address>
         <run_address>0x10c57</run_address>
         <size>0x2d5</size>
         <input_file_ref idref="fl-d9"/>
      </object_component>
      <object_component id="oc-1e2">
         <name>.debug_info</name>
         <load_address>0x10f2c</load_address>
         <run_address>0x10f2c</run_address>
         <size>0x27e</size>
         <input_file_ref idref="fl-d9"/>
      </object_component>
      <object_component id="oc-1f4">
         <name>.debug_info</name>
         <load_address>0x111aa</load_address>
         <run_address>0x111aa</run_address>
         <size>0x254</size>
         <input_file_ref idref="fl-d9"/>
      </object_component>
      <object_component id="oc-1e8">
         <name>.debug_info</name>
         <load_address>0x113fe</load_address>
         <run_address>0x113fe</run_address>
         <size>0x27e</size>
         <input_file_ref idref="fl-d9"/>
      </object_component>
      <object_component id="oc-1ee">
         <name>.debug_info</name>
         <load_address>0x1167c</load_address>
         <run_address>0x1167c</run_address>
         <size>0x24e</size>
         <input_file_ref idref="fl-d9"/>
      </object_component>
      <object_component id="oc-1fa">
         <name>.debug_info</name>
         <load_address>0x118ca</load_address>
         <run_address>0x118ca</run_address>
         <size>0x254</size>
         <input_file_ref idref="fl-d9"/>
      </object_component>
      <object_component id="oc-343">
         <name>.debug_info</name>
         <load_address>0x11b1e</load_address>
         <run_address>0x11b1e</run_address>
         <size>0x21c</size>
         <input_file_ref idref="fl-db"/>
      </object_component>
      <object_component id="oc-289">
         <name>.debug_info</name>
         <load_address>0x11d3a</load_address>
         <run_address>0x11d3a</run_address>
         <size>0x242</size>
         <input_file_ref idref="fl-db"/>
      </object_component>
      <object_component id="oc-2a2">
         <name>.debug_info</name>
         <load_address>0x11f7c</load_address>
         <run_address>0x11f7c</run_address>
         <size>0x276</size>
         <input_file_ref idref="fl-db"/>
      </object_component>
      <object_component id="oc-2a7">
         <name>.debug_info</name>
         <load_address>0x121f2</load_address>
         <run_address>0x121f2</run_address>
         <size>0x27a</size>
         <input_file_ref idref="fl-db"/>
      </object_component>
      <object_component id="oc-283">
         <name>.debug_info</name>
         <load_address>0x1246c</load_address>
         <run_address>0x1246c</run_address>
         <size>0x3d9</size>
         <input_file_ref idref="fl-db"/>
      </object_component>
      <object_component id="oc-27d">
         <name>.debug_info</name>
         <load_address>0x12845</load_address>
         <run_address>0x12845</run_address>
         <size>0x28c</size>
         <input_file_ref idref="fl-db"/>
      </object_component>
      <object_component id="oc-29c">
         <name>.debug_info</name>
         <load_address>0x12ad1</load_address>
         <run_address>0x12ad1</run_address>
         <size>0x242</size>
         <input_file_ref idref="fl-db"/>
      </object_component>
      <object_component id="oc-18b">
         <name>.debug_info</name>
         <load_address>0x12d13</load_address>
         <run_address>0x12d13</run_address>
         <size>0x298</size>
         <input_file_ref idref="fl-dc"/>
      </object_component>
      <object_component id="oc-1cf">
         <name>.debug_info</name>
         <load_address>0x12fab</load_address>
         <run_address>0x12fab</run_address>
         <size>0x14d</size>
         <input_file_ref idref="fl-dc"/>
      </object_component>
      <object_component id="oc-f5">
         <name>.debug_info</name>
         <load_address>0x130f8</load_address>
         <run_address>0x130f8</run_address>
         <size>0x295</size>
         <input_file_ref idref="fl-dc"/>
      </object_component>
      <object_component id="oc-ef">
         <name>.debug_info</name>
         <load_address>0x1338d</load_address>
         <run_address>0x1338d</run_address>
         <size>0x27d</size>
         <input_file_ref idref="fl-dc"/>
      </object_component>
      <object_component id="oc-d9">
         <name>.debug_info</name>
         <load_address>0x1360a</load_address>
         <run_address>0x1360a</run_address>
         <size>0x2db</size>
         <input_file_ref idref="fl-dc"/>
      </object_component>
      <object_component id="oc-10c">
         <name>.debug_info</name>
         <load_address>0x138e5</load_address>
         <run_address>0x138e5</run_address>
         <size>0x2b5</size>
         <input_file_ref idref="fl-dc"/>
      </object_component>
      <object_component id="oc-256">
         <name>.debug_info</name>
         <load_address>0x13b9a</load_address>
         <run_address>0x13b9a</run_address>
         <size>0x5f</size>
         <input_file_ref idref="fl-dc"/>
      </object_component>
      <object_component id="oc-370">
         <name>.debug_info</name>
         <load_address>0x13bf9</load_address>
         <run_address>0x13bf9</run_address>
         <size>0x223</size>
         <input_file_ref idref="fl-dd"/>
      </object_component>
      <object_component id="oc-33c">
         <name>.debug_info</name>
         <load_address>0x13e1c</load_address>
         <run_address>0x13e1c</run_address>
         <size>0x28a</size>
         <input_file_ref idref="fl-dd"/>
      </object_component>
      <object_component id="oc-335">
         <name>.debug_info</name>
         <load_address>0x140a6</load_address>
         <run_address>0x140a6</run_address>
         <size>0x27f</size>
         <input_file_ref idref="fl-dd"/>
      </object_component>
      <object_component id="oc-32f">
         <name>.debug_info</name>
         <load_address>0x14325</load_address>
         <run_address>0x14325</run_address>
         <size>0x28c</size>
         <input_file_ref idref="fl-dd"/>
      </object_component>
      <object_component id="oc-3b2">
         <name>.debug_info</name>
         <load_address>0x145b1</load_address>
         <run_address>0x145b1</run_address>
         <size>0x9b</size>
      </object_component>
      <object_component id="oc-184">
         <name>.debug_line</name>
         <load_address>0x0</load_address>
         <run_address>0x0</run_address>
         <size>0x8e</size>
         <input_file_ref idref="fl-2"/>
      </object_component>
      <object_component id="oc-2fc">
         <name>.debug_line</name>
         <load_address>0x8e</load_address>
         <run_address>0x8e</run_address>
         <size>0x31</size>
         <input_file_ref idref="fl-2"/>
      </object_component>
      <object_component id="oc-2fe">
         <name>.debug_line</name>
         <load_address>0xbf</load_address>
         <run_address>0xbf</run_address>
         <size>0x31</size>
         <input_file_ref idref="fl-2"/>
      </object_component>
      <object_component id="oc-300">
         <name>.debug_line</name>
         <load_address>0xf0</load_address>
         <run_address>0xf0</run_address>
         <size>0x31</size>
         <input_file_ref idref="fl-2"/>
      </object_component>
      <object_component id="oc-2fa">
         <name>.debug_line</name>
         <load_address>0x121</load_address>
         <run_address>0x121</run_address>
         <size>0x31</size>
         <input_file_ref idref="fl-2"/>
      </object_component>
      <object_component id="oc-12e">
         <name>.debug_line</name>
         <load_address>0x152</load_address>
         <run_address>0x152</run_address>
         <size>0xdb</size>
         <input_file_ref idref="fl-2"/>
      </object_component>
      <object_component id="oc-77">
         <name>.debug_line</name>
         <load_address>0x22d</load_address>
         <run_address>0x22d</run_address>
         <size>0x6f</size>
         <input_file_ref idref="fl-2"/>
      </object_component>
      <object_component id="oc-c5">
         <name>.debug_line</name>
         <load_address>0x29c</load_address>
         <run_address>0x29c</run_address>
         <size>0x20</size>
         <input_file_ref idref="fl-2"/>
      </object_component>
      <object_component id="oc-c0">
         <name>.debug_line</name>
         <load_address>0x2bc</load_address>
         <run_address>0x2bc</run_address>
         <size>0x73</size>
         <input_file_ref idref="fl-2"/>
      </object_component>
      <object_component id="oc-7c">
         <name>.debug_line</name>
         <load_address>0x32f</load_address>
         <run_address>0x32f</run_address>
         <size>0x70</size>
         <input_file_ref idref="fl-2"/>
      </object_component>
      <object_component id="oc-2f2">
         <name>.debug_line</name>
         <load_address>0x39f</load_address>
         <run_address>0x39f</run_address>
         <size>0x6b</size>
         <input_file_ref idref="fl-3"/>
      </object_component>
      <object_component id="oc-127">
         <name>.debug_line</name>
         <load_address>0x40a</load_address>
         <run_address>0x40a</run_address>
         <size>0xa8</size>
         <input_file_ref idref="fl-3"/>
      </object_component>
      <object_component id="oc-143">
         <name>.debug_line</name>
         <load_address>0x4b2</load_address>
         <run_address>0x4b2</run_address>
         <size>0x31</size>
         <input_file_ref idref="fl-3"/>
      </object_component>
      <object_component id="oc-2f6">
         <name>.debug_line</name>
         <load_address>0x4e3</load_address>
         <run_address>0x4e3</run_address>
         <size>0x6b</size>
         <input_file_ref idref="fl-3"/>
      </object_component>
      <object_component id="oc-39">
         <name>.debug_line</name>
         <load_address>0x54e</load_address>
         <run_address>0x54e</run_address>
         <size>0x20</size>
         <input_file_ref idref="fl-3"/>
      </object_component>
      <object_component id="oc-2dc">
         <name>.debug_line</name>
         <load_address>0x56e</load_address>
         <run_address>0x56e</run_address>
         <size>0x55</size>
         <input_file_ref idref="fl-4"/>
      </object_component>
      <object_component id="oc-11f">
         <name>.debug_line</name>
         <load_address>0x5c3</load_address>
         <run_address>0x5c3</run_address>
         <size>0x12c</size>
         <input_file_ref idref="fl-4"/>
      </object_component>
      <object_component id="oc-229">
         <name>.debug_line</name>
         <load_address>0x6ef</load_address>
         <run_address>0x6ef</run_address>
         <size>0x152</size>
         <input_file_ref idref="fl-5"/>
      </object_component>
      <object_component id="oc-1b8">
         <name>.debug_line</name>
         <load_address>0x841</load_address>
         <run_address>0x841</run_address>
         <size>0x36</size>
         <input_file_ref idref="fl-5"/>
      </object_component>
      <object_component id="oc-223">
         <name>.debug_line</name>
         <load_address>0x877</load_address>
         <run_address>0x877</run_address>
         <size>0x36</size>
         <input_file_ref idref="fl-5"/>
      </object_component>
      <object_component id="oc-225">
         <name>.debug_line</name>
         <load_address>0x8ad</load_address>
         <run_address>0x8ad</run_address>
         <size>0x36</size>
         <input_file_ref idref="fl-5"/>
      </object_component>
      <object_component id="oc-227">
         <name>.debug_line</name>
         <load_address>0x8e3</load_address>
         <run_address>0x8e3</run_address>
         <size>0x36</size>
         <input_file_ref idref="fl-5"/>
      </object_component>
      <object_component id="oc-a0">
         <name>.debug_line</name>
         <load_address>0x919</load_address>
         <run_address>0x919</run_address>
         <size>0x2a9</size>
         <input_file_ref idref="fl-5"/>
      </object_component>
      <object_component id="oc-13e">
         <name>.debug_line</name>
         <load_address>0xbc2</load_address>
         <run_address>0xbc2</run_address>
         <size>0x36</size>
         <input_file_ref idref="fl-5"/>
      </object_component>
      <object_component id="oc-232">
         <name>.debug_line</name>
         <load_address>0xbf8</load_address>
         <run_address>0xbf8</run_address>
         <size>0x6a</size>
         <input_file_ref idref="fl-5"/>
      </object_component>
      <object_component id="oc-1b5">
         <name>.debug_line</name>
         <load_address>0xc62</load_address>
         <run_address>0xc62</run_address>
         <size>0x6b</size>
         <input_file_ref idref="fl-5"/>
      </object_component>
      <object_component id="oc-22d">
         <name>.debug_line</name>
         <load_address>0xccd</load_address>
         <run_address>0xccd</run_address>
         <size>0x72</size>
         <input_file_ref idref="fl-5"/>
      </object_component>
      <object_component id="oc-73">
         <name>.debug_line</name>
         <load_address>0xd3f</load_address>
         <run_address>0xd3f</run_address>
         <size>0x41</size>
         <input_file_ref idref="fl-6"/>
      </object_component>
      <object_component id="oc-2e">
         <name>.debug_line</name>
         <load_address>0xd80</load_address>
         <run_address>0xd80</run_address>
         <size>0x41</size>
         <input_file_ref idref="fl-6"/>
      </object_component>
      <object_component id="oc-2c">
         <name>.debug_line</name>
         <load_address>0xdc1</load_address>
         <run_address>0xdc1</run_address>
         <size>0xa1</size>
         <input_file_ref idref="fl-6"/>
      </object_component>
      <object_component id="oc-2c9">
         <name>.debug_line</name>
         <load_address>0xe62</load_address>
         <run_address>0xe62</run_address>
         <size>0x20</size>
         <input_file_ref idref="fl-7"/>
      </object_component>
      <object_component id="oc-2c1">
         <name>.debug_line</name>
         <load_address>0xe82</load_address>
         <run_address>0xe82</run_address>
         <size>0x55</size>
         <input_file_ref idref="fl-7"/>
      </object_component>
      <object_component id="oc-2c3">
         <name>.debug_line</name>
         <load_address>0xed7</load_address>
         <run_address>0xed7</run_address>
         <size>0x55</size>
         <input_file_ref idref="fl-7"/>
      </object_component>
      <object_component id="oc-2c5">
         <name>.debug_line</name>
         <load_address>0xf2c</load_address>
         <run_address>0xf2c</run_address>
         <size>0x55</size>
         <input_file_ref idref="fl-7"/>
      </object_component>
      <object_component id="oc-2c7">
         <name>.debug_line</name>
         <load_address>0xf81</load_address>
         <run_address>0xf81</run_address>
         <size>0x55</size>
         <input_file_ref idref="fl-7"/>
      </object_component>
      <object_component id="oc-e9">
         <name>.debug_line</name>
         <load_address>0xfd6</load_address>
         <run_address>0xfd6</run_address>
         <size>0x668</size>
         <input_file_ref idref="fl-7"/>
      </object_component>
      <object_component id="oc-1b0">
         <name>.debug_line</name>
         <load_address>0x163e</load_address>
         <run_address>0x163e</run_address>
         <size>0x69</size>
         <input_file_ref idref="fl-7"/>
      </object_component>
      <object_component id="oc-2b8">
         <name>.debug_line</name>
         <load_address>0x16a7</load_address>
         <run_address>0x16a7</run_address>
         <size>0xb0</size>
         <input_file_ref idref="fl-8"/>
      </object_component>
      <object_component id="oc-e2">
         <name>.debug_line</name>
         <load_address>0x1757</load_address>
         <run_address>0x1757</run_address>
         <size>0x7e</size>
         <input_file_ref idref="fl-8"/>
      </object_component>
      <object_component id="oc-376">
         <name>.debug_line</name>
         <load_address>0x17d5</load_address>
         <run_address>0x17d5</run_address>
         <size>0x20</size>
         <input_file_ref idref="fl-9"/>
      </object_component>
      <object_component id="oc-34c">
         <name>.debug_line</name>
         <load_address>0x17f5</load_address>
         <run_address>0x17f5</run_address>
         <size>0x49</size>
         <input_file_ref idref="fl-9"/>
      </object_component>
      <object_component id="oc-378">
         <name>.debug_line</name>
         <load_address>0x183e</load_address>
         <run_address>0x183e</run_address>
         <size>0x20</size>
         <input_file_ref idref="fl-a"/>
      </object_component>
      <object_component id="oc-34f">
[...]
         <value>0x20000754</value>
      </symbol>
      <symbol id="sm-2db">
         <name>bnOledCur</name>
         <value>0x20000740</value>
      </symbol>
      <symbol id="sm-2dc">
         <name>clrOledCur</name>
         <value>0x20000780</value>
      </symbol>
      <symbol id="sm-2dd">
         <name>pbOledPatCur</name>
         <value>0x20000760</value>
      </symbol>
      <symbol id="sm-2de">
         <name>fOledCharUpdate</name>
         <value>0x2000074c</value>
      </symbol>
      <symbol id="sm-2df">
         <name>dxcoOledFontCur</name>
         <value>0x20000744</value>
      </symbol>
      <symbol id="sm-2e0">
         <name>dycoOledFontCur</name>
         <value>0x20000748</value>
      </symbol>
      <symbol id="sm-2e1">
         <name>pbOledFontCur</name>
         <value>0x20000758</value>
      </symbol>
      <symbol id="sm-2e2">
         <name>pbOledFontUser</name>
         <value>0x2000075c</value>
      </symbol>
      <symbol id="sm-2e3">
         <name>rgbOledBmp</name>
         <value>0x20000400</value>
      </symbol>
      <symbol id="sm-2e4">
         <name>OrbitOledDvrInit</name>
         <value>0x205b</value>
         <object_component_ref idref="oc-192"/>
      </symbol>
      <symbol id="sm-2e5">
         <name>OrbitOledUpdate</name>
         <value>0x2195</value>
         <object_component_ref idref="oc-192"/>
      </symbol>
      <symbol id="sm-2e6">
         <name>OrbitOledClear</name>
         <value>0x2159</value>
         <object_component_ref idref="oc-192"/>
      </symbol>
      <symbol id="sm-2e7">
         <name>OrbitOledPutBuffer</name>
         <value>0x21ef</value>
         <object_component_ref idref="oc-192"/>
      </symbol>
      <symbol id="sm-2e8">
         <name>OrbitOledDevInit</name>
         <value>0x20d5</value>
         <object_component_ref idref="oc-192"/>
      </symbol>
      <symbol id="sm-2e9">
         <name>OrbitOledClearBuffer</name>
         <value>0x2165</value>
         <object_component_ref idref="oc-192"/>
      </symbol>
      <symbol id="sm-2ea">
         <name>OrbitOledHostInit</name>
         <value>0x1f91</value>
         <object_component_ref idref="oc-192"/>
      </symbol>
      <symbol id="sm-2eb">
         <name>OrbitOledInit</name>
         <value>0x1f7d</value>
         <object_component_ref idref="oc-192"/>
      </symbol>
      <symbol id="sm-2ec">
         <name>Ssi3PutByte</name>
         <value>0x2255</value>
         <object_component_ref idref="oc-192"/>
      </symbol>
      <symbol id="sm-31f">
         <name>xchOledCur</name>
         <value>0x20000768</value>
      </symbol>
      <symbol id="sm-320">
         <name>ychOledCur</name>
         <value>0x20000774</value>
      </symbol>
      <symbol id="sm-321">
         <name>xchOledMax</name>
         <value>0x2000076c</value>
      </symbol>
      <symbol id="sm-322">
         <name>ychOledMax</name>
         <value>0x20000778</value>
      </symbol>
      <symbol id="sm-323">
         <name>rgbOledFontUser</name>
         <value>0x20000600</value>
      </symbol>
      <symbol id="sm-324">
         <name>OrbitOledPutString</name>
         <value>0x260d</value>
         <object_component_ref idref="oc-18c"/>
      </symbol>
      <symbol id="sm-325">
         <name>OrbitOledGetCharUpdate</name>
         <value>0x25e9</value>
         <object_component_ref idref="oc-18c"/>
      </symbol>
      <symbol id="sm-326">
         <name>OrbitOledSetCharUpdate</name>
         <value>0x25d1</value>
         <object_component_ref idref="oc-18c"/>
      </symbol>
      <symbol id="sm-327">
         <name>OrbitOledDrawGlyph</name>
         <value>0x2639</value>
         <object_component_ref idref="oc-18c"/>
      </symbol>
      <symbol id="sm-328">
         <name>OrbitOledDefUserChar</name>
         <value>0x2581</value>
         <object_component_ref idref="oc-18c"/>
      </symbol>
      <symbol id="sm-329">
         <name>OrbitOledGetCursor</name>
         <value>0x2565</value>
         <object_component_ref idref="oc-18c"/>
      </symbol>
      <symbol id="sm-32a">
         <name>OrbitOledSetCursor</name>
         <value>0x2519</value>
         <object_component_ref idref="oc-18c"/>
      </symbol>
      <symbol id="sm-32b">
         <name>OrbitOledPutChar</name>
         <value>0x25ef</value>
         <object_component_ref idref="oc-18c"/>
      </symbol>
      <symbol id="sm-32c">
         <name>OrbitOledAdvanceCursor</name>
         <value>0x26b1</value>
         <object_component_ref idref="oc-18c"/>
      </symbol>
      <symbol id="sm-3c9">
         <name>pfnDoRop</name>
         <value>0x20000764</value>
      </symbol>
      <symbol id="sm-3ca">
         <name>modOledCur</name>
         <value>0x20000750</value>
      </symbol>
      <symbol id="sm-3cb">
         <name>OrbitOledGetPixel</name>
         <value>0x1013</value>
         <object_component_ref idref="oc-25b"/>
      </symbol>
      <symbol id="sm-3cc">
         <name>OrbitOledMoveUp</name>
         <value>0x1741</value>
         <object_component_ref idref="oc-25b"/>
      </symbol>
      <symbol id="sm-3cd">
         <name>OrbitOledMoveTo</name>
         <value>0xef1</value>
         <object_component_ref idref="oc-25b"/>
      </symbol>
      <symbol id="sm-3ce">
         <name>OrbitOledGetDrawMode</name>
         <value>0xfe1</value>
         <object_component_ref idref="oc-25b"/>
      </symbol>
      <symbol id="sm-3cf">
         <name>OrbitOledDrawPixel</name>
         <value>0xfe7</value>
         <object_component_ref idref="oc-25b"/>
      </symbol>
      <symbol id="sm-3d0">
         <name>OrbitOledDrawString</name>
         <value>0x1683</value>
         <object_component_ref idref="oc-25b"/>
      </symbol>
      <symbol id="sm-3d1">
         <name>OrbitOledDrawChar</name>
         <value>0x1623</value>
         <object_component_ref idref="oc-25b"/>
      </symbol>
      <symbol id="sm-3d2">
         <name>OrbitOledMoveDown</name>
         <value>0x1779</value>
         <object_component_ref idref="oc-25b"/>
      </symbol>
      <symbol id="sm-3d3">
         <name>OrbitOledMoveRight</name>
         <value>0x17c7</value>
         <object_component_ref idref="oc-25b"/>
      </symbol>
      <symbol id="sm-3d4">
         <name>OrbitOledFillRect</name>
         <value>0x11b1</value>
         <object_component_ref idref="oc-25b"/>
      </symbol>
      <symbol id="sm-3d5">
         <name>OrbitOledLineTo</name>
         <value>0x102d</value>
         <object_component_ref idref="oc-25b"/>
      </symbol>
      <symbol id="sm-3d6">
         <name>OrbitOledGetStdPattern</name>
         <value>0xf6b</value>
         <object_component_ref idref="oc-25b"/>
      </symbol>
      <symbol id="sm-3d7">
         <name>OrbitOledSetDrawColor</name>
         <value>0xf53</value>
         <object_component_ref idref="oc-25b"/>
      </symbol>
      <symbol id="sm-3d8">
         <name>OrbitOledDrawRect</name>
         <value>0x112d</value>
         <object_component_ref idref="oc-25b"/>
      </symbol>
      <symbol id="sm-3d9">
         <name>OrbitOledClampYco</name>
         <value>0x1801</value>
         <object_component_ref idref="oc-25b"/>
      </symbol>
      <symbol id="sm-3da">
         <name>OrbitOledGetPos</name>
         <value>0xf37</value>
         <object_component_ref idref="oc-25b"/>
      </symbol>
      <symbol id="sm-3db">
         <name>OrbitOledRopSet</name>
         <value>0x16a1</value>
         <object_component_ref idref="oc-25b"/>
      </symbol>
      <symbol id="sm-3dc">
         <name>OrbitOledRopXor</name>
         <value>0x1713</value>
         <object_component_ref idref="oc-25b"/>
      </symbol>
      <symbol id="sm-3dd">
         <name>OrbitOledGetBmp</name>
         <value>0x12f5</value>
         <object_component_ref idref="oc-25b"/>
      </symbol>
      <symbol id="sm-3de">
         <name>OrbitOledMoveLeft</name>
         <value>0x17af</value>
         <object_component_ref idref="oc-25b"/>
      </symbol>
      <symbol id="sm-3df">
         <name>OrbitOledRopAnd</name>
         <value>0x16ef</value>
         <object_component_ref idref="oc-25b"/>
      </symbol>
      <symbol id="sm-3e0">
         <name>OrbitOledPutBmp</name>
         <value>0x1455</value>
         <object_component_ref idref="oc-25b"/>
      </symbol>
      <symbol id="sm-3e1">
         <name>OrbitOledSetDrawMode</name>
         <value>0xf8d</value>
         <object_component_ref idref="oc-25b"/>
      </symbol>
      <symbol id="sm-3e2">
         <name>OrbitOledClampXco</name>
         <value>0x17e1</value>
         <object_component_ref idref="oc-25b"/>
      </symbol>
      <symbol id="sm-3e3">
         <name>OrbitOledSetFillPattern</name>
         <value>0xf7d</value>
         <object_component_ref idref="oc-25b"/>
      </symbol>
      <symbol id="sm-3e4">
         <name>OrbitOledRopOr</name>
         <value>0x16cb</value>
         <object_component_ref idref="oc-25b"/>
      </symbol>
      <symbol id="sm-3f6">
         <name>DelayMs</name>
         <value>0x3177</value>
         <object_component_ref idref="oc-270"/>
      </symbol>
      <symbol id="sm-3f7">
         <name>DelayInit</name>
         <value>0x315d</value>
         <object_component_ref idref="oc-270"/>
      </symbol>
      <symbol id="sm-406">
         <name>__aeabi_uidivmod</name>
         <value>0x3325</value>
         <object_component_ref idref="oc-19a"/>
      </symbol>
      <symbol id="sm-407">
         <name>__aeabi_uidiv</name>
         <value>0x3325</value>
         <object_component_ref idref="oc-19a"/>
      </symbol>
      <symbol id="sm-416">
         <name>__aeabi_memset</name>
         <value>0x2fab</value>
         <object_component_ref idref="oc-93"/>
      </symbol>
      <symbol id="sm-417">
         <name>memset</name>
         <value>0x2fb1</value>
         <object_component_ref idref="oc-93"/>
      </symbol>
      <symbol id="sm-418">
         <name>__aeabi_memset8</name>
         <value>0x2fab</value>
         <object_component_ref idref="oc-93"/>
      </symbol>
      <symbol id="sm-419">
         <name>__aeabi_memset4</name>
         <value>0x2fab</value>
         <object_component_ref idref="oc-93"/>
      </symbol>
      <symbol id="sm-41a">
         <name>__aeabi_memclr8</name>
         <value>0x2fa9</value>
         <object_component_ref idref="oc-93"/>
      </symbol>
      <symbol id="sm-41b">
         <name>__aeabi_memclr4</name>
         <value>0x2fa9</value>
         <object_component_ref idref="oc-93"/>
      </symbol>
      <symbol id="sm-41c">
         <name>__aeabi_memclr</name>
         <value>0x2fa9</value>
         <object_component_ref idref="oc-93"/>
      </symbol>
      <symbol id="sm-435">
         <name>__TI_zero_init_nomemset</name>
         <value>0x3495</value>
         <object_component_ref idref="oc-47"/>
      </symbol>
      <symbol id="sm-44c">
         <name>__TI_decompress_none</name>
         <value>0x353b</value>
         <object_component_ref idref="oc-18"/>
      </symbol>
      <symbol id="sm-46f">
         <name>__TI_decompress_lzss</name>
         <value>0x3095</value>
         <object_component_ref idref="oc-12"/>
      </symbol>
      <symbol id="sm-504">
         <name>_sys_memory</name>
         <value>0x20000788</value>
         <object_component_ref idref="oc-21"/>
      </symbol>
      <symbol id="sm-505">
         <name>free</name>
         <value>0x2d71</value>
         <object_component_ref idref="oc-207"/>
      </symbol>
      <symbol id="sm-506">
         <name>memalign</name>
         <value>0x2a55</value>
         <object_component_ref idref="oc-352"/>
      </symbol>
      <symbol id="sm-507">
         <name>calloc</name>
         <value>0x33a1</value>
         <object_component_ref idref="oc-201"/>
      </symbol>
      <symbol id="sm-508">
         <name>malloc</name>
         <value>0x35a9</value>
         <object_component_ref idref="oc-2dd"/>
      </symbol>
      <symbol id="sm-509">
         <name>aligned_alloc</name>
         <value>0x2a55</value>
         <object_component_ref idref="oc-352"/>
      </symbol>
      <symbol id="sm-51c">
         <name>__stack</name>
         <value>0x20000000</value>
         <object_component_ref idref="oc-24"/>
      </symbol>
      <symbol id="sm-51d">
         <name>_c_int00_noargs</name>
         <value>0x340d</value>
         <object_component_ref idref="oc-59"/>
      </symbol>
      <symbol id="sm-527">
         <name>__aeabi_idiv0</name>
         <value>0x3023</value>
         <object_component_ref idref="oc-2b9"/>
      </symbol>
      <symbol id="sm-528">
         <name>__aeabi_ldiv0</name>
         <value>0x3023</value>
         <object_component_ref idref="oc-2b9"/>
      </symbol>
      <symbol id="sm-543">
         <name>memcpy</name>
         <value>0x2f0d</value>
         <object_component_ref idref="oc-3b"/>
      </symbol>
      <symbol id="sm-544">
         <name>__aeabi_memcpy</name>
         <value>0x2f0d</value>
         <object_component_ref idref="oc-3b"/>
      </symbol>
      <symbol id="sm-545">
         <name>__aeabi_memcpy8</name>
         <value>0x2f0d</value>
         <object_component_ref idref="oc-3b"/>
      </symbol>
      <symbol id="sm-546">
         <name>__aeabi_memcpy4</name>
         <value>0x2f0d</value>
         <object_component_ref idref="oc-3b"/>
      </symbol>
      <symbol id="sm-56e">
         <name>__TI_auto_init_nobinit_nopinit</name>
         <value>0x32e1</value>
         <object_component_ref idref="oc-151"/>
      </symbol>
      <symbol id="sm-578">
         <name>_system_pre_init</name>
         <value>0x35d5</value>
         <object_component_ref idref="oc-99"/>
      </symbol>
      <symbol id="sm-584">
         <name>C$$EXIT</name>
         <value>0x35d9</value>
         <object_component_ref idref="oc-145"/>
      </symbol>
      <symbol id="sm-585">
         <name>abort</name>
         <value>0x35d9</value>
         <object_component_ref idref="oc-145"/>
      </symbol>
      <symbol id="sm-59a">
         <name>_nop</name>
         <value>0x2a53</value>
         <object_component_ref idref="oc-303"/>
      </symbol>
      <symbol id="sm-59b">
         <name>_lock</name>
         <value>0x20000988</value>
         <object_component_ref idref="oc-238"/>
      </symbol>
      <symbol id="sm-59c">
         <name>_unlock</name>
         <value>0x2000098c</value>
         <object_component_ref idref="oc-238"/>
      </symbol>
      <symbol id="sm-604">
         <name>GPIOPinConfigure</name>
         <value>0x3255</value>
         <object_component_ref idref="oc-105"/>
      </symbol>
      <symbol id="sm-605">
         <name>GPIOPinTypeI2CSCL</name>
         <value>0x3509</value>
         <object_component_ref idref="oc-ff"/>
      </symbol>
      <symbol id="sm-606">
         <name>GPIOPinTypeI2C</name>
         <value>0x34f7</value>
         <object_component_ref idref="oc-f9"/>
      </symbol>
      <symbol id="sm-607">
         <name>GPIOPinTypeGPIOInput</name>
         <value>0x34e5</value>
         <object_component_ref idref="oc-117"/>
      </symbol>
      <symbol id="sm-608">
         <name>GPIOPinTypeGPIOOutput</name>
         <value>0x34cd</value>
         <object_component_ref idref="oc-294"/>
      </symbol>
      <symbol id="sm-609">
         <name>GPIOPinRead</name>
         <value>0x35b1</value>
         <object_component_ref idref="oc-20f"/>
      </symbol>
      <symbol id="sm-60a">
         <name>GPIODirModeSet</name>
         <value>0x3441</value>
         <object_component_ref idref="oc-1bb"/>
      </symbol>
      <symbol id="sm-60b">
         <name>GPIOPinWrite</name>
         <value>0x35b7</value>
         <object_component_ref idref="oc-28e"/>
      </symbol>
      <symbol id="sm-60c">
         <name>GPIOPadConfigSet</name>
         <value>0x2921</value>
         <object_component_ref idref="oc-1c1"/>
      </symbol>
      <symbol id="sm-60d">
         <name>GPIOPinTypeSSI</name>
         <value>0x351b</value>
         <object_component_ref idref="oc-276"/>
      </symbol>
      <symbol id="sm-656">
         <name>I2CMasterBusBusy</name>
         <value>0x3589</value>
         <object_component_ref idref="oc-1f9"/>
      </symbol>
      <symbol id="sm-657">
         <name>I2CMasterDataPut</name>
         <value>0x35d1</value>
         <object_component_ref idref="oc-1e1"/>
      </symbol>
      <symbol id="sm-658">
         <name>I2CMasterInitExpClk</name>
         <value>0x3209</value>
         <object_component_ref idref="oc-111"/>
      </symbol>
      <symbol id="sm-659">
         <name>I2CMasterSlaveAddrSet</name>
         <value>0x3599</value>
         <object_component_ref idref="oc-1db"/>
      </symbol>
      <symbol id="sm-65a">
         <name>I2CMasterDataGet</name>
         <value>0x35cd</value>
         <object_component_ref idref="oc-1f3"/>
      </symbol>
      <symbol id="sm-65b">
         <name>I2CMasterControl</name>
         <value>0x35c9</value>
         <object_component_ref idref="oc-1e7"/>
      </symbol>
      <symbol id="sm-65c">
         <name>I2CMasterBusy</name>
         <value>0x3591</value>
         <object_component_ref idref="oc-1ed"/>
      </symbol>
      <symbol id="sm-65d">
         <name>I2CMasterEnable</name>
         <value>0x3561</value>
         <object_component_ref idref="oc-1d2"/>
      </symbol>
      <symbol id="sm-696">
         <name>SSIDataPut</name>
         <value>0x356b</value>
         <object_component_ref idref="oc-2a0"/>
      </symbol>
      <symbol id="sm-697">
         <name>SSIDataGet</name>
         <value>0x3549</value>
         <object_component_ref idref="oc-2a6"/>
      </symbol>
      <symbol id="sm-698">
         <name>SSIConfigSetExpClk</name>
         <value>0x3365</value>
         <object_component_ref idref="oc-282"/>
      </symbol>
      <symbol id="sm-699">
         <name>SSIEnable</name>
         <value>0x3575</value>
         <object_component_ref idref="oc-288"/>
      </symbol>
      <symbol id="sm-69a">
         <name>SSIClockSourceSet</name>
         <value>0x35bd</value>
         <object_component_ref idref="oc-27c"/>
      </symbol>
      <symbol id="sm-69b">
         <name>SSIBusy</name>
         <value>0x35a1</value>
         <object_component_ref idref="oc-29a"/>
      </symbol>
      <symbol id="sm-6f9">
         <name>SysCtlClockSet</name>
         <value>0x2c7d</value>
         <object_component_ref idref="oc-d8"/>
      </symbol>
      <symbol id="sm-6fa">
         <name>SysCtlDelay</name>
         <value>0x35c3</value>
         <object_component_ref idref="oc-12f"/>
      </symbol>
      <symbol id="sm-6fb">
         <name>SysCtlPeripheralEnable</name>
         <value>0x33d9</value>
         <object_component_ref idref="oc-ed"/>
      </symbol>
      <symbol id="sm-6fc">
         <name>SysCtlClockGet</name>
         <value>0x2b6d</value>
         <object_component_ref idref="oc-10b"/>
      </symbol>
      <symbol id="sm-6fd">
         <name>SysCtlPeripheralReset</name>
         <value>0x31b9</value>
         <object_component_ref idref="oc-f3"/>
      </symbol>
      <symbol id="sm-721">
         <name>TimerEnable</name>
         <value>0x352d</value>
         <object_component_ref idref="oc-334"/>
      </symbol>
      <symbol id="sm-722">
         <name>TimerValueGet</name>
         <value>0x357f</value>
         <object_component_ref idref="oc-33a"/>
      </symbol>
      <symbol id="sm-723">
         <name>TimerConfigure</name>
         <value>0x30fd</value>
         <object_component_ref idref="oc-32e"/>
      </symbol>
      <symbol id="sm-725">
         <name>__TI_static_base__</name>
         <value>0x0</value>
      </symbol>
      <symbol id="sm-728">
         <name>__mpu_init</name>
         <value>0x0</value>
      </symbol>
      <symbol id="sm-729">
         <name>_system_post_cinit</name>
         <value>0x0</value>
      </symbol>
   </symbol_table>
   <title>Link successful</title>
</link_info>
