******************************************************************************
                  TI ARM Linker PC v18.12.4                    
******************************************************************************
>> Linked Wed Mar  4 12:38:46 2020

OUTPUT FILE NAME:   <Week3Lab.out>
ENTRY POINT SYMBOL: "_c_int00_noargs"  address: 00002b19


MEMORY CONFIGURATION

         name            origin    length      used     unused   attr    fill
----------------------  --------  ---------  --------  --------  ----  --------
  FLASH                 00000000   00040000  00003172  0003ce8e  R  X
  SRAM                  20000000   00008000  00000545  00007abb  RW X


SEGMENT ALLOCATION MAP

run origin  load origin   length   init length attrs members
----------  ----------- ---------- ----------- ----- -------
00000000    00000000    00003178   00003178    r-x
  00000000    00000000    0000026c   0000026c    r-- .intvecs
  0000026c    0000026c    00002a3a   00002a3a    r-x .text
  00002ca8    00002ca8    0000049c   0000049c    r-- .const
  00003148    00003148    00000030   00000030    r-- .cinit
20000000    20000000    00000548   00000000    rw-
  20000000    20000000    00000341   00000000    rw- .bss
  20000344    20000344    00000004   00000000    rw- .data
  20000348    20000348    00000200   00000000    rw- .stack


SECTION ALLOCATION MAP

 output                                  attributes/
section   page    origin      length       input sections
--------  ----  ----------  ----------   ----------------
.intvecs   0    00000000    0000026c     
                  00000000    0000026c     tm4c123gh6pm_startup_ccs.obj (.intvecs)

.text      0    0000026c    00002a3a     
                  0000026c    00000c84     ustdlib.obj (.text)
                  00000ef0    00000950     OrbitOledGrph.obj (.text)
                  00001840    000003b8     readAcc4.obj (.text)
                  00001bf8    0000037c     OrbitOled.obj (.text)
                  00001f74    00000204     OrbitOledChar.obj (.text)
                  00002178    00000204     i2c_driver.obj (.text)
                  0000237c    00000132     driverlib.lib : gpio.obj (.text:GPIOPadConfigSet)
                  000024ae    00000002     rtsv7M4_T_le_v4SPD16_eabi.lib : div0.asm.obj (.text)
                  000024b0    00000118     driverlib.lib : sysctl.obj (.text:SysCtlClockGet)
                  000025c8    000000f4                   : sysctl.obj (.text:SysCtlClockSet)
                  000026bc    0000009c     rtsv7M4_T_le_v4SPD16_eabi.lib : memcpy_t2.asm.obj (.text)
                  00002758    0000007a                                   : memset_t2.asm.obj (.text)
                  000027d2    00000068                                   : copy_decompress_lzss.c.obj (.text:decompress:lzss:__TI_decompress_lzss)
                  0000283a    00000002     --HOLE-- [fill = 0]
                  0000283c    00000060     driverlib.lib : timer.obj (.text:TimerConfigure)
                  0000289c    0000005c     delay.obj (.text)
                  000028f8    00000050     driverlib.lib : sysctl.obj (.text:SysCtlPeripheralReset)
                  00002948    0000004c                   : gpio.obj (.text:GPIOPinConfigure)
                  00002994    0000004c                   : i2c.obj (.text:I2CMasterInitExpClk)
                  000029e0    00000044     OrbitOLEDInterface.obj (.text)
                  00002a24    00000044     rtsv7M4_T_le_v4SPD16_eabi.lib : autoinit.c.obj (.text:__TI_auto_init_nobinit_nopinit:__TI_auto_init_nobinit_nopinit)
                  00002a68    00000040                                   : u_divt2.asm.obj (.text)
                  00002aa8    0000003c     driverlib.lib : ssi.obj (.text:SSIConfigSetExpClk)
                  00002ae4    00000034                   : sysctl.obj (.text:SysCtlPeripheralEnable)
                  00002b18    00000034     rtsv7M4_T_le_v4SPD16_eabi.lib : boot_cortex_m.c.obj (.text:_c_int00_noargs:_c_int00_noargs)
                  00002b4c    0000002c     driverlib.lib : gpio.obj (.text:GPIODirModeSet)
                  00002b78    0000001c     rtsv7M4_T_le_v4SPD16_eabi.lib : copy_zero_init.c.obj (.text:decompress:ZI:__TI_zero_init_nomemset:__TI_zero_init_nomemset)
                  00002b94    00000018     driverlib.lib : gpio.obj (.text:GPIOPinTypeGPIOOutput)
                  00002bac    00000016                   : gpio.obj (.text:GPIOPinTypeGPIOInput)
                  00002bc2    00000016                   : gpio.obj (.text:GPIOPinTypeI2C)
                  00002bd8    00000016                   : gpio.obj (.text:GPIOPinTypeI2CSCL)
                  00002bee    00000016                   : gpio.obj (.text:GPIOPinTypeSSI)
                  00002c04    0000000e                   : timer.obj (.text:TimerEnable)
                  00002c12    0000000e     rtsv7M4_T_le_v4SPD16_eabi.lib : copy_decompress_none.c.obj (.text:decompress:none:__TI_decompress_none)
                  00002c20    0000000c     driverlib.lib : ssi.obj (.text:SSIDataGet)
                  00002c2c    0000000c     tm4c123gh6pm_startup_ccs.obj (.text)
                  00002c38    0000000a     driverlib.lib : i2c.obj (.text:I2CMasterEnable)
                  00002c42    0000000a                   : ssi.obj (.text:SSIDataPut)
                  00002c4c    0000000a                   : ssi.obj (.text:SSIEnable)
                  00002c56    0000000a                   : timer.obj (.text:TimerValueGet)
                  00002c60    00000008                   : i2c.obj (.text:I2CMasterBusBusy)
                  00002c68    00000008                   : i2c.obj (.text:I2CMasterBusy)
                  00002c70    00000008                   : i2c.obj (.text:I2CMasterSlaveAddrSet)
                  00002c78    00000008                   : ssi.obj (.text:SSIBusy)
                  00002c80    00000006                   : gpio.obj (.text:GPIOPinWrite)
                  00002c86    00000006                   : ssi.obj (.text:SSIClockSourceSet)
                  00002c8c    00000006                   : sysctl.obj (.text:SysCtlDelay)
                  00002c92    00000004                   : i2c.obj (.text:I2CMasterControl)
                  00002c96    00000004                   : i2c.obj (.text:I2CMasterDataGet)
                  00002c9a    00000004                   : i2c.obj (.text:I2CMasterDataPut)
                  00002c9e    00000004     rtsv7M4_T_le_v4SPD16_eabi.lib : pre_init.c.obj (.text:_system_pre_init)
                  00002ca2    00000004                                   : exit.c.obj (.text:abort:abort)

.const     0    00002ca8    0000049c     
                  00002ca8    00000300     ChrFont0.obj (.const:.string:rgbOledFont0)
                  00002fa8    00000090     driverlib.lib : gpio.obj (.const:g_pui32GPIOBaseAddrs)
                  00003038    0000006c                   : sysctl.obj (.const:g_pui32Xtals)
                  000030a4    00000040     FillPat.obj (.const:.string:rgbFillPat)
                  000030e4    00000030     ustdlib.obj (.const:g_psDaysToMonth)
                  00003114    00000018     ustdlib.obj (.const:g_pfExponents)
                  0000312c    00000012     ustdlib.obj (.const:.string)
                  0000313e    00000002     --HOLE-- [fill = 0]
                  00003140    00000004     ustdlib.obj (.const)

.cinit     0    00003148    00000030     
                  00003148    0000000c     (__TI_handler_table)
                  00003154    00000004     --HOLE-- [fill = 0]
                  00003158    00000008     (.cinit..bss.load) [load image, compression = zero_init]
                  00003160    00000008     (.cinit..data.load) [load image, compression = lzss]
                  00003168    00000010     (__TI_cinit_table)

.init_array 
*          0    00000000    00000000     UNINITIALIZED

.bss       0    20000000    00000341     UNINITIALIZED
                  20000000    00000200     (.common:rgbOledBmp)
                  20000200    00000100     (.common:rgbOledFontUser)
                  20000300    00000004     (.common:bnOledCur)
                  20000304    00000004     (.common:dxcoOledFontCur)
                  20000308    00000004     (.common:dycoOledFontCur)
                  2000030c    00000004     (.common:fOledCharUpdate)
                  20000310    00000004     (.common:modOledCur)
                  20000314    00000004     (.common:pbOledCur)
                  20000318    00000004     (.common:pbOledFontCur)
                  2000031c    00000004     (.common:pbOledFontUser)
                  20000320    00000004     (.common:pbOledPatCur)
                  20000324    00000004     (.common:pfnDoRop)
                  20000328    00000004     (.common:xchOledCur)
                  2000032c    00000004     (.common:xchOledMax)
                  20000330    00000004     (.common:xcoOledCur)
                  20000334    00000004     (.common:ychOledCur)
                  20000338    00000004     (.common:ychOledMax)
                  2000033c    00000004     (.common:ycoOledCur)
                  20000340    00000001     (.common:clrOledCur)

.data      0    20000344    00000004     UNINITIALIZED
                  20000344    00000004     ustdlib.obj (.data)

.stack     0    20000348    00000200     UNINITIALIZED
                  20000348    00000004     rtsv7M4_T_le_v4SPD16_eabi.lib : boot_cortex_m.c.obj (.stack)
                  2000034c    000001fc     --HOLE--

MODULE SUMMARY

       Module                         code    ro data   rw data
       ------                         ----    -------   -------
    .\
       ustdlib.obj                    3204    94        4      
       readAcc4.obj                   952     0         0      
       tm4c123gh6pm_startup_ccs.obj   12      620       0      
       i2c_driver.obj                 516     0         0      
    +--+------------------------------+-------+---------+---------+
       Total:                         4684    714       4      
                                                               
    .\OrbitOLED\
       OrbitOLEDInterface.obj         68      0         0      
    +--+------------------------------+-------+---------+---------+
       Total:                         68      0         0      
                                                               
    .\OrbitOLED\lib_OrbitOled\
       OrbitOledGrph.obj              2384    0         8      
       OrbitOled.obj                  892     0         553    
       OrbitOledChar.obj              516     0         272    
       ChrFont0.obj                   0       768       0      
       delay.obj                      92      0         0      
       FillPat.obj                    0       64        0      
    +--+------------------------------+-------+---------+---------+
       Total:                         3884    832       833    
                                                               
    C:/ti/TivaWare_C_Series-2.1.4.178/driverlib/ccs/Debug/driverlib.lib
       sysctl.obj                     662     108       0      
       gpio.obj                       544     144       0      
       i2c.obj                        122     0         0      
       timer.obj                      120     0         0      
       ssi.obj                        106     0         0      
    +--+------------------------------+-------+---------+---------+
       Total:                         1554    252       0      
                                                               
    C:\ti\ccs920\ccs\tools\compiler\ti-cgt-arm_18.12.4.LTS\lib\rtsv7M4_T_le_v4SPD16_eabi.lib
       memcpy_t2.asm.obj              156     0         0      
       memset_t2.asm.obj              122     0         0      
       copy_decompress_lzss.c.obj     104     0         0      
       autoinit.c.obj                 68      0         0      
       u_divt2.asm.obj                64      0         0      
       boot_cortex_m.c.obj            52      0         0      
       copy_zero_init.c.obj           28      0         0      
       copy_decompress_none.c.obj     14      0         0      
       exit.c.obj                     4       0         0      
       pre_init.c.obj                 4       0         0      
       div0.asm.obj                   2       0         0      
    +--+------------------------------+-------+---------+---------+
       Total:                         618     0         0      
                                                               
       Stack:                         0       0         512    
       Linker Generated:              0       44        0      
    +--+------------------------------+-------+---------+---------+
       Grand Total:                   10808   1842      1349   


LINKER GENERATED COPY TABLES

__TI_cinit_table @ 00003168 records: 2, size/record: 8, table size: 16
	.bss: load addr=00003158, load size=00000008 bytes, run addr=20000000, run size=00000341 bytes, compression=zero_init
	.data: load addr=00003160, load size=00000008 bytes, run addr=20000344, run size=00000004 bytes, compression=lzss


LINKER GENERATED HANDLER TABLE

__TI_handler_table @ 00003148 records: 3, size/record: 4, table size: 12
	index: 0, handler: __TI_decompress_lzss
	index: 1, handler: __TI_decompress_none
	index: 2, handler: __TI_zero_init


GLOBAL SYMBOLS: SORTED ALPHABETICALLY BY Name 

address   name                          
-------   ----                          
00002ca3  C$$EXIT                       
0000289d  DelayInit                     
000028b7  DelayMs                       
00002179  Delay_us                      
00002b4d  GPIODirModeSet                
0000237d  GPIOPadConfigSet              
00002949  GPIOPinConfigure              
00002bad  GPIOPinTypeGPIOInput          
00002b95  GPIOPinTypeGPIOOutput         
00002bc3  GPIOPinTypeI2C                
00002bd9  GPIOPinTypeI2CSCL             
00002bef  GPIOPinTypeSSI                
00002c81  GPIOPinWrite                  
0000235b  I2CGenIsNotIdle               
000021ab  I2CGenTransmit                
00002c61  I2CMasterBusBusy              
00002c69  I2CMasterBusy                 
00002c93  I2CMasterControl              
00002c97  I2CMasterDataGet              
00002c9b  I2CMasterDataPut              
00002c39  I2CMasterEnable               
00002995  I2CMasterInitExpClk           
00002c71  I2CMasterSlaveAddrSet         
00002a07  OLEDInitialise                
000029e1  OLEDStringDraw                
0000210d  OrbitOledAdvanceCursor        
000017e1  OrbitOledClampXco             
00001801  OrbitOledClampYco             
00001dd5  OrbitOledClear                
00001de1  OrbitOledClearBuffer          
00001fdd  OrbitOledDefUserChar          
00001d51  OrbitOledDevInit              
00001623  OrbitOledDrawChar             
00002095  OrbitOledDrawGlyph            
00000fe7  OrbitOledDrawPixel            
0000112d  OrbitOledDrawRect             
00001683  OrbitOledDrawString           
00001cd7  OrbitOledDvrInit              
000011b1  OrbitOledFillRect             
000012f5  OrbitOledGetBmp               
00002045  OrbitOledGetCharUpdate        
00001fc1  OrbitOledGetCursor            
00000fe1  OrbitOledGetDrawMode          
00001013  OrbitOledGetPixel             
00000f37  OrbitOledGetPos               
00000f6b  OrbitOledGetStdPattern        
00001c0d  OrbitOledHostInit             
00001bf9  OrbitOledInit                 
0000102d  OrbitOledLineTo               
00001779  OrbitOledMoveDown             
000017af  OrbitOledMoveLeft             
000017c7  OrbitOledMoveRight            
00000ef1  OrbitOledMoveTo               
00001741  OrbitOledMoveUp               
00001455  OrbitOledPutBmp               
00001e6b  OrbitOledPutBuffer            
0000204b  OrbitOledPutChar              
00002069  OrbitOledPutString            
000016ef  OrbitOledRopAnd               
000016cb  OrbitOledRopOr                
000016a1  OrbitOledRopSet               
00001713  OrbitOledRopXor               
0000202d  OrbitOledSetCharUpdate        
00001f75  OrbitOledSetCursor            
00000f53  OrbitOledSetDrawColor         
00000f8d  OrbitOledSetDrawMode          
00000f7d  OrbitOledSetFillPattern       
00001e11  OrbitOledUpdate               
00002c2d  ResetISR                      
00002c79  SSIBusy                       
00002c87  SSIClockSourceSet             
00002aa9  SSIConfigSetExpClk            
00002c21  SSIDataGet                    
00002c43  SSIDataPut                    
00002c4d  SSIEnable                     
00001ed1  Ssi3PutByte                   
000024b1  SysCtlClockGet                
000025c9  SysCtlClockSet                
00002c8d  SysCtlDelay                   
00002ae5  SysCtlPeripheralEnable        
000028f9  SysCtlPeripheralReset         
0000283d  TimerConfigure                
00002c05  TimerEnable                   
00002c57  TimerValueGet                 
20000548  __STACK_END                   
00000200  __STACK_SIZE                  
20000548  __STACK_TOP                   
00003168  __TI_CINIT_Base               
00003178  __TI_CINIT_Limit              
00003148  __TI_Handler_Table_Base       
00003154  __TI_Handler_Table_Limit      
00002a25  __TI_auto_init_nobinit_nopinit
000027d3  __TI_decompress_lzss          
00002c13  __TI_decompress_none          
ffffffff  __TI_pprof_out_hndl           
ffffffff  __TI_prof_data_size           
ffffffff  __TI_prof_data_start          
00000000  __TI_static_base__            
00002b79  __TI_zero_init_nomemset       
000024af  __aeabi_idiv0                 
000024af  __aeabi_ldiv0                 
00002759  __aeabi_memclr                
00002759  __aeabi_memclr4               
00002759  __aeabi_memclr8               
000026bd  __aeabi_memcpy                
000026bd  __aeabi_memcpy4               
000026bd  __aeabi_memcpy8               
0000275b  __aeabi_memset                
0000275b  __aeabi_memset4               
0000275b  __aeabi_memset8               
00002a69  __aeabi_uidiv                 
00002a69  __aeabi_uidivmod              
ffffffff  __binit__                     
ffffffff  __c_args__                    
UNDEFED   __mpu_init                    
20000348  __stack                       
00002b19  _c_int00_noargs               
UNDEFED   _system_post_cinit            
00002c9f  _system_pre_init              
00002ca3  abort                         
ffffffff  binit                         
20000300  bnOledCur                     
20000340  clrOledCur                    
00001853  displayUpdate                 
20000304  dxcoOledFontCur               
20000308  dycoOledFontCur               
2000030c  fOledCharUpdate               
00000000  g_pfnVectors                  
0000199b  getAcclData                   
0000189b  initAccl                      
00001841  initClock                     
0000184b  initDisplay                   
00001a59  main                          
000026bd  memcpy                        
00002761  memset                        
20000310  modOledCur                    
20000314  pbOledCur                     
20000318  pbOledFontCur                 
2000031c  pbOledFontUser                
20000320  pbOledPatCur                  
20000324  pfnDoRop                      
000030a4  rgbFillPat                    
20000000  rgbOledBmp                    
00002ca8  rgbOledFont0                  
20000200  rgbOledFontUser               
00001a07  toMetersPerSec                
00000751  ulocaltime                    
0000094f  umktime                       
00000ec9  urand                         
00000721  usnprintf                     
000006ef  usprintf                      
00000eb9  usrand                        
00000e31  ustrcasecmp                   
00000ea5  ustrcmp                       
00000d35  ustrlen                       
00000d8d  ustrncasecmp                  
00000e45  ustrncmp                      
0000026d  ustrncpy                      
00000d57  ustrstr                       
00000afd  ustrtof                       
000009c5  ustrtoul                      
000002c5  uvsnprintf                    
20000328  xchOledCur                    
2000032c  xchOledMax                    
20000330  xcoOledCur                    
20000334  ychOledCur                    
20000338  ychOledMax                    
2000033c  ycoOledCur                    


GLOBAL SYMBOLS: SORTED BY Symbol Address 

address   name                          
-------   ----                          
00000000  __TI_static_base__            
00000000  g_pfnVectors                  
00000200  __STACK_SIZE                  
0000026d  ustrncpy                      
000002c5  uvsnprintf                    
000006ef  usprintf                      
00000721  usnprintf                     
00000751  ulocaltime                    
0000094f  umktime                       
000009c5  ustrtoul                      
00000afd  ustrtof                       
00000d35  ustrlen                       
00000d57  ustrstr                       
00000d8d  ustrncasecmp                  
00000e31  ustrcasecmp                   
00000e45  ustrncmp                      
00000ea5  ustrcmp                       
00000eb9  usrand                        
00000ec9  urand                         
00000ef1  OrbitOledMoveTo               
00000f37  OrbitOledGetPos               
00000f53  OrbitOledSetDrawColor         
00000f6b  OrbitOledGetStdPattern        
00000f7d  OrbitOledSetFillPattern       
00000f8d  OrbitOledSetDrawMode          
00000fe1  OrbitOledGetDrawMode          
00000fe7  OrbitOledDrawPixel            
00001013  OrbitOledGetPixel             
0000102d  OrbitOledLineTo               
0000112d  OrbitOledDrawRect             
000011b1  OrbitOledFillRect             
000012f5  OrbitOledGetBmp               
00001455  OrbitOledPutBmp               
00001623  OrbitOledDrawChar             
00001683  OrbitOledDrawString           
000016a1  OrbitOledRopSet               
000016cb  OrbitOledRopOr                
000016ef  OrbitOledRopAnd               
00001713  OrbitOledRopXor               
00001741  OrbitOledMoveUp               
00001779  OrbitOledMoveDown             
000017af  OrbitOledMoveLeft             
000017c7  OrbitOledMoveRight            
000017e1  OrbitOledClampXco             
00001801  OrbitOledClampYco             
00001841  initClock                     
0000184b  initDisplay                   
00001853  displayUpdate                 
0000189b  initAccl                      
0000199b  getAcclData                   
00001a07  toMetersPerSec                
00001a59  main                          
00001bf9  OrbitOledInit                 
00001c0d  OrbitOledHostInit             
00001cd7  OrbitOledDvrInit              
00001d51  OrbitOledDevInit              
00001dd5  OrbitOledClear                
00001de1  OrbitOledClearBuffer          
00001e11  OrbitOledUpdate               
00001e6b  OrbitOledPutBuffer            
00001ed1  Ssi3PutByte                   
00001f75  OrbitOledSetCursor            
00001fc1  OrbitOledGetCursor            
00001fdd  OrbitOledDefUserChar          
0000202d  OrbitOledSetCharUpdate        
00002045  OrbitOledGetCharUpdate        
0000204b  OrbitOledPutChar              
00002069  OrbitOledPutString            
00002095  OrbitOledDrawGlyph            
0000210d  OrbitOledAdvanceCursor        
00002179  Delay_us                      
000021ab  I2CGenTransmit                
0000235b  I2CGenIsNotIdle               
0000237d  GPIOPadConfigSet              
000024af  __aeabi_idiv0                 
000024af  __aeabi_ldiv0                 
000024b1  SysCtlClockGet                
000025c9  SysCtlClockSet                
000026bd  __aeabi_memcpy                
000026bd  __aeabi_memcpy4               
000026bd  __aeabi_memcpy8               
000026bd  memcpy                        
00002759  __aeabi_memclr                
00002759  __aeabi_memclr4               
00002759  __aeabi_memclr8               
0000275b  __aeabi_memset                
0000275b  __aeabi_memset4               
0000275b  __aeabi_memset8               
00002761  memset                        
000027d3  __TI_decompress_lzss          
0000283d  TimerConfigure                
0000289d  DelayInit                     
000028b7  DelayMs                       
000028f9  SysCtlPeripheralReset         
00002949  GPIOPinConfigure              
00002995  I2CMasterInitExpClk           
000029e1  OLEDStringDraw                
00002a07  OLEDInitialise                
00002a25  __TI_auto_init_nobinit_nopinit
00002a69  __aeabi_uidiv                 
00002a69  __aeabi_uidivmod              
00002aa9  SSIConfigSetExpClk            
00002ae5  SysCtlPeripheralEnable        
00002b19  _c_int00_noargs               
00002b4d  GPIODirModeSet                
00002b79  __TI_zero_init_nomemset       
00002b95  GPIOPinTypeGPIOOutput         
00002bad  GPIOPinTypeGPIOInput          
00002bc3  GPIOPinTypeI2C                
00002bd9  GPIOPinTypeI2CSCL             
00002bef  GPIOPinTypeSSI                
00002c05  TimerEnable                   
00002c13  __TI_decompress_none          
00002c21  SSIDataGet                    
00002c2d  ResetISR                      
00002c39  I2CMasterEnable               
00002c43  SSIDataPut                    
00002c4d  SSIEnable                     
00002c57  TimerValueGet                 
00002c61  I2CMasterBusBusy              
00002c69  I2CMasterBusy                 
00002c71  I2CMasterSlaveAddrSet         
00002c79  SSIBusy                       
00002c81  GPIOPinWrite                  
00002c87  SSIClockSourceSet             
00002c8d  SysCtlDelay                   
00002c93  I2CMasterControl              
00002c97  I2CMasterDataGet              
00002c9b  I2CMasterDataPut              
00002c9f  _system_pre_init              
00002ca3  C$$EXIT                       
00002ca3  abort                         
00002ca8  rgbOledFont0                  
000030a4  rgbFillPat                    
00003148  __TI_Handler_Table_Base       
00003154  __TI_Handler_Table_Limit      
00003168  __TI_CINIT_Base               
00003178  __TI_CINIT_Limit              
20000000  rgbOledBmp                    
20000200  rgbOledFontUser               
20000300  bnOledCur                     
20000304  dxcoOledFontCur               
20000308  dycoOledFontCur               
2000030c  fOledCharUpdate               
20000310  modOledCur                    
20000314  pbOledCur                     
20000318  pbOledFontCur                 
2000031c  pbOledFontUser                
20000320  pbOledPatCur                  
20000324  pfnDoRop                      
20000328  xchOledCur                    
2000032c  xchOledMax                    
20000330  xcoOledCur                    
20000334  ychOledCur                    
20000338  ychOledMax                    
2000033c  ycoOledCur                    
20000340  clrOledCur                    
20000348  __stack                       
20000548  __STACK_END                   
20000548  __STACK_TOP                   
ffffffff  __TI_pprof_out_hndl           
ffffffff  __TI_prof_data_size           
ffffffff  __TI_prof_data_start          
ffffffff  __binit__                     
ffffffff  __c_args__                    
ffffffff  binit                         
UNDEFED   __mpu_init                    
UNDEFED   _system_post_cinit            

[168 symbols]
