******************************************************************************
                  TI ARM Linker PC v18.12.4                    
******************************************************************************
>> Linked Wed Mar 11 11:15:48 2020

OUTPUT FILE NAME:   <Week4Lab4.out>
ENTRY POINT SYMBOL: "_c_int00_noargs"  address: 000029d1


MEMORY CONFIGURATION

         name            origin    length      used     unused   attr    fill
----------------------  --------  ---------  --------  --------  ----  --------
  FLASH                 00000000   00040000  0000308a  0003cf76  R  X
  SRAM                  20000000   00008000  000008d7  00007729  RW X


SEGMENT ALLOCATION MAP

run origin  load origin   length   init length attrs members
----------  ----------- ---------- ----------- ----- -------
00000000    00000000    00003090   00003090    r-x
  00000000    00000000    0000026c   0000026c    r-- .intvecs
  0000026c    0000026c    00002942   00002942    r-x .text
  00002bb0    00002bb0    0000049c   0000049c    r-- .const
  00003050    00003050    00000040   00000040    r-- .cinit
20000000    20000000    000008de   00000000    rw-
  20000000    20000000    0000026c   00000000    rw- .vtable
  2000026c    2000026c    00000365   00000000    rw- .bss
  200005d8    200005d8    00000200   00000000    rw- .stack
  200007d8    200007d8    00000100   00000000    rw- .sysmem
  200008d8    200008d8    00000006   00000000    rw- .data


SECTION ALLOCATION MAP

 output                                  attributes/
section   page    origin      length       input sections
--------  ----  ----------  ----------   ----------------
.intvecs   0    00000000    0000026c     
                  00000000    0000026c     tm4c123gh6pm_startup_ccs.obj (.intvecs)

.text      0    0000026c    00002942     
                  0000026c    00000c84     ustdlib.obj (.text)
                  00000ef0    00000950     OrbitOledGrph.obj (.text)
                  00001840    0000037c     OrbitOled.obj (.text)
                  00001bbc    00000274     uartDemo.obj (.text)
                  00001e30    00000220     buttons4.obj (.text)
                  00002050    00000204     OrbitOledChar.obj (.text)
                  00002254    00000132     driverlib.lib : gpio.obj (.text:GPIOPadConfigSet)
                  00002386    00000002     rtsv7M4_T_le_v4SPD16_eabi.lib : div0.asm.obj (.text)
                  00002388    00000118     driverlib.lib : sysctl.obj (.text:SysCtlClockGet)
                  000024a0    000000f4                   : sysctl.obj (.text:SysCtlClockSet)
                  00002594    0000009c     rtsv7M4_T_le_v4SPD16_eabi.lib : memcpy_t2.asm.obj (.text)
                  00002630    0000007a                                   : memset_t2.asm.obj (.text)
                  000026aa    00000068                                   : copy_decompress_lzss.c.obj (.text:decompress:lzss:__TI_decompress_lzss)
                  00002712    00000002     --HOLE-- [fill = 0]
                  00002714    00000060     driverlib.lib : timer.obj (.text:TimerConfigure)
                  00002774    0000005c     delay.obj (.text)
                  000027d0    0000004c     driverlib.lib : gpio.obj (.text:GPIOPinConfigure)
                  0000281c    00000046                   : uart.obj (.text:UARTConfigSetExpClk)
                  00002862    00000002     --HOLE-- [fill = 0]
                  00002864    00000044     OrbitOLEDInterface.obj (.text)
                  000028a8    00000044     rtsv7M4_T_le_v4SPD16_eabi.lib : autoinit.c.obj (.text:__TI_auto_init_nobinit_nopinit:__TI_auto_init_nobinit_nopinit)
                  000028ec    00000040                                   : u_divt2.asm.obj (.text)
                  0000292c    0000003c     driverlib.lib : ssi.obj (.text:SSIConfigSetExpClk)
                  00002968    00000034                   : interrupt.obj (.text:IntRegister)
                  0000299c    00000034                   : sysctl.obj (.text:SysCtlPeripheralEnable)
                  000029d0    00000034     rtsv7M4_T_le_v4SPD16_eabi.lib : boot_cortex_m.c.obj (.text:_c_int00_noargs:_c_int00_noargs)
                  00002a04    0000002c     driverlib.lib : gpio.obj (.text:GPIODirModeSet)
                  00002a30    00000020                   : uart.obj (.text:UARTDisable)
                  00002a50    0000001c                   : systick.obj (.text:SysTickIntRegister)
                  00002a6c    00000018                   : gpio.obj (.text:GPIOPinTypeGPIOOutput)
                  00002a84    00000016                   : gpio.obj (.text:GPIOPinTypeGPIOInput)
                  00002a9a    00000016                   : gpio.obj (.text:GPIOPinTypeSSI)
                  00002ab0    00000016                   : gpio.obj (.text:GPIOPinTypeUART)
                  00002ac6    00000002     --HOLE-- [fill = 0]
                  00002ac8    00000014                   : systick.obj (.text:SysTickEnable)
                  00002adc    00000014                   : systick.obj (.text:SysTickIntEnable)
                  00002af0    00000014                   : uart.obj (.text:UARTEnable)
                  00002b04    00000010                   : systick.obj (.text:SysTickPeriodSet)
                  00002b14    0000000e                   : timer.obj (.text:TimerEnable)
                  00002b22    0000000e     rtsv7M4_T_le_v4SPD16_eabi.lib : copy_decompress_none.c.obj (.text:decompress:none:__TI_decompress_none)
                  00002b30    0000000c     driverlib.lib : ssi.obj (.text:SSIDataGet)
                  00002b3c    0000000c     rtsv7M4_T_le_v4SPD16_eabi.lib : copy_zero_init.c.obj (.text:decompress:ZI:__TI_zero_init)
                  00002b48    0000000c     tm4c123gh6pm_startup_ccs.obj (.text)
                  00002b54    0000000a     driverlib.lib : ssi.obj (.text:SSIDataPut)
                  00002b5e    0000000a                   : ssi.obj (.text:SSIEnable)
                  00002b68    0000000a                   : timer.obj (.text:TimerValueGet)
                  00002b72    0000000a                   : uart.obj (.text:UARTCharPut)
                  00002b7c    0000000a                   : uart.obj (.text:UARTFIFOEnable)
                  00002b86    00000008                   : ssi.obj (.text:SSIBusy)
                  00002b8e    00000006                   : gpio.obj (.text:GPIOPinRead)
                  00002b94    00000006                   : gpio.obj (.text:GPIOPinWrite)
                  00002b9a    00000006                   : ssi.obj (.text:SSIClockSourceSet)
                  00002ba0    00000006                   : sysctl.obj (.text:SysCtlDelay)
                  00002ba6    00000004     rtsv7M4_T_le_v4SPD16_eabi.lib : pre_init.c.obj (.text:_system_pre_init)
                  00002baa    00000004                                   : exit.c.obj (.text:abort:abort)

.const     0    00002bb0    0000049c     
                  00002bb0    00000300     ChrFont0.obj (.const:.string:rgbOledFont0)
                  00002eb0    00000090     driverlib.lib : gpio.obj (.const:g_pui32GPIOBaseAddrs)
                  00002f40    0000006c                   : sysctl.obj (.const:g_pui32Xtals)
                  00002fac    00000040     FillPat.obj (.const:.string:rgbFillPat)
                  00002fec    00000030     ustdlib.obj (.const:g_psDaysToMonth)
                  0000301c    00000018     ustdlib.obj (.const:g_pfExponents)
                  00003034    00000012     ustdlib.obj (.const:.string)
                  00003046    00000002     --HOLE-- [fill = 0]
                  00003048    00000004     ustdlib.obj (.const)

.cinit     0    00003050    00000040     
                  00003050    0000000c     (__TI_handler_table)
                  0000305c    00000004     --HOLE-- [fill = 0]
                  00003060    00000008     (.cinit..bss.load) [load image, compression = zero_init]
                  00003068    00000008     (.cinit..data.load) [load image, compression = lzss]
                  00003070    00000008     (.cinit..vtable.load) [load image, compression = zero_init]
                  00003078    00000018     (__TI_cinit_table)

.init_array 
*          0    00000000    00000000     UNINITIALIZED

.vtable    0    20000000    0000026c     UNINITIALIZED
                  20000000    0000026c     driverlib.lib : interrupt.obj (.vtable)

.bss       0    2000026c    00000365     UNINITIALIZED
                  2000026c    00000200     (.common:rgbOledBmp)
                  2000046c    00000100     (.common:rgbOledFontUser)
                  2000056c    00000014     (.common:statusStr)
                  20000580    00000004     buttons4.obj (.bss:but_count)
                  20000584    00000004     buttons4.obj (.bss:but_flag)
                  20000588    00000004     buttons4.obj (.bss:but_normal)
                  2000058c    00000004     buttons4.obj (.bss:but_state)
                  20000590    00000004     (.common:bnOledCur)
                  20000594    00000004     (.common:dxcoOledFontCur)
                  20000598    00000004     (.common:dycoOledFontCur)
                  2000059c    00000004     (.common:fOledCharUpdate)
                  200005a0    00000004     (.common:modOledCur)
                  200005a4    00000004     (.common:pbOledCur)
                  200005a8    00000004     (.common:pbOledFontCur)
                  200005ac    00000004     (.common:pbOledFontUser)
                  200005b0    00000004     (.common:pbOledPatCur)
                  200005b4    00000004     (.common:pfnDoRop)
                  200005b8    00000004     (.common:xchOledCur)
                  200005bc    00000004     (.common:xchOledMax)
                  200005c0    00000004     (.common:xcoOledCur)
                  200005c4    00000004     (.common:ychOledCur)
                  200005c8    00000004     (.common:ychOledMax)
                  200005cc    00000004     (.common:ycoOledCur)
                  200005d0    00000001     (.common:clrOledCur)

.stack     0    200005d8    00000200     UNINITIALIZED
                  200005d8    00000004     rtsv7M4_T_le_v4SPD16_eabi.lib : boot_cortex_m.c.obj (.stack)
                  200005dc    000001fc     --HOLE--

.sysmem    0    200007d8    00000100     UNINITIALIZED
                  200007d8    00000010     rtsv7M4_T_le_v4SPD16_eabi.lib : memory.c.obj (.sysmem)
                  200007e8    000000f0     --HOLE--

.data      0    200008d8    00000006     UNINITIALIZED
                  200008d8    00000004     ustdlib.obj (.data)
                  200008dc    00000002     uartDemo.obj (.data)

MODULE SUMMARY

       Module                         code    ro data   rw data
       ------                         ----    -------   -------
    .\
       ustdlib.obj                    3204    94        4      
       uartDemo.obj                   628     0         22     
       tm4c123gh6pm_startup_ccs.obj   12      620       0      
       buttons4.obj                   544     0         16     
    +--+------------------------------+-------+---------+---------+
       Total:                         4388    714       42     
                                                               
    .\OrbitOLED\
       OrbitOLEDInterface.obj         68      0         0      
    +--+------------------------------+-------+---------+---------+
       Total:                         68      0         0      
                                                               
    .\OrbitOLED\lib_OrbitOled\
       OrbitOledGrph.obj              2384    0         8      
       OrbitOled.obj                  892     0         553    
       OrbitOledChar.obj              516     0         272    
       ChrFont0.obj                   0       768       0      
       delay.obj                      92      0         0      
       FillPat.obj                    0       64        0      
    +--+------------------------------+-------+---------+---------+
       Total:                         3884    832       833    
                                                               
    C:/ti/TivaWare_C_Series-2.1.4.178/driverlib/ccs/Debug/driverlib.lib
       sysctl.obj                     582     108       0      
       gpio.obj                       528     144       0      
       interrupt.obj                  52      0         620    
       uart.obj                       142     0         0      
       timer.obj                      120     0         0      
       ssi.obj                        106     0         0      
       systick.obj                    84      0         0      
    +--+------------------------------+-------+---------+---------+
       Total:                         1614    252       620    
                                                               
    C:\ti\ccs920\ccs\tools\compiler\ti-cgt-arm_18.12.4.LTS\lib\rtsv7M4_T_le_v4SPD16_eabi.lib
       memcpy_t2.asm.obj              156     0         0      
       memset_t2.asm.obj              122     0         0      
       copy_decompress_lzss.c.obj     104     0         0      
       autoinit.c.obj                 68      0         0      
       u_divt2.asm.obj                64      0         0      
       boot_cortex_m.c.obj            52      0         0      
       copy_decompress_none.c.obj     14      0         0      
       copy_zero_init.c.obj           12      0         0      
       exit.c.obj                     4       0         0      
       pre_init.c.obj                 4       0         0      
       div0.asm.obj                   2       0         0      
    +--+------------------------------+-------+---------+---------+
       Total:                         602     0         0      
                                                               
       Heap:                          0       0         256    
       Stack:                         0       0         512    
       Linker Generated:              0       60        0      
    +--+------------------------------+-------+---------+---------+
       Grand Total:                   10556   1858      2263   


LINKER GENERATED COPY TABLES

__TI_cinit_table @ 00003078 records: 3, size/record: 8, table size: 24
	.bss: load addr=00003060, load size=00000008 bytes, run addr=2000026c, run size=00000365 bytes, compression=zero_init
	.data: load addr=00003068, load size=00000008 bytes, run addr=200008d8, run size=00000006 bytes, compression=lzss
	.vtable: load addr=00003070, load size=00000008 bytes, run addr=20000000, run size=0000026c bytes, compression=zero_init


LINKER GENERATED HANDLER TABLE

__TI_handler_table @ 00003050 records: 3, size/record: 4, table size: 12
	index: 0, handler: __TI_zero_init
	index: 1, handler: __TI_decompress_lzss
	index: 2, handler: __TI_decompress_none


GLOBAL SYMBOLS: SORTED ALPHABETICALLY BY Name 

address   name                          
-------   ----                          
00002bab  C$$EXIT                       
00002775  DelayInit                     
0000278f  DelayMs                       
00002a05  GPIODirModeSet                
00002255  GPIOPadConfigSet              
000027d1  GPIOPinConfigure              
00002b8f  GPIOPinRead                   
00002a85  GPIOPinTypeGPIOInput          
00002a6d  GPIOPinTypeGPIOOutput         
00002a9b  GPIOPinTypeSSI                
00002ab1  GPIOPinTypeUART               
00002b95  GPIOPinWrite                  
00002969  IntRegister                   
0000288b  OLEDInitialise                
00002865  OLEDStringDraw                
000021e9  OrbitOledAdvanceCursor        
000017e1  OrbitOledClampXco             
00001801  OrbitOledClampYco             
00001a1d  OrbitOledClear                
00001a29  OrbitOledClearBuffer          
000020b9  OrbitOledDefUserChar          
00001999  OrbitOledDevInit              
00001623  OrbitOledDrawChar             
00002171  OrbitOledDrawGlyph            
00000fe7  OrbitOledDrawPixel            
0000112d  OrbitOledDrawRect             
00001683  OrbitOledDrawString           
0000191f  OrbitOledDvrInit              
000011b1  OrbitOledFillRect             
000012f5  OrbitOledGetBmp               
00002121  OrbitOledGetCharUpdate        
0000209d  OrbitOledGetCursor            
00000fe1  OrbitOledGetDrawMode          
00001013  OrbitOledGetPixel             
00000f37  OrbitOledGetPos               
00000f6b  OrbitOledGetStdPattern        
00001855  OrbitOledHostInit             
00001841  OrbitOledInit                 
0000102d  OrbitOledLineTo               
00001779  OrbitOledMoveDown             
000017af  OrbitOledMoveLeft             
000017c7  OrbitOledMoveRight            
00000ef1  OrbitOledMoveTo               
00001741  OrbitOledMoveUp               
00001455  OrbitOledPutBmp               
00001ab3  OrbitOledPutBuffer            
00002127  OrbitOledPutChar              
00002145  OrbitOledPutString            
000016ef  OrbitOledRopAnd               
000016cb  OrbitOledRopOr                
000016a1  OrbitOledRopSet               
00001713  OrbitOledRopXor               
00002109  OrbitOledSetCharUpdate        
00002051  OrbitOledSetCursor            
00000f53  OrbitOledSetDrawColor         
00000f8d  OrbitOledSetDrawMode          
00000f7d  OrbitOledSetFillPattern       
00001a59  OrbitOledUpdate               
00002b49  ResetISR                      
00002b87  SSIBusy                       
00002b9b  SSIClockSourceSet             
0000292d  SSIConfigSetExpClk            
00002b31  SSIDataGet                    
00002b55  SSIDataPut                    
00002b5f  SSIEnable                     
00001b19  Ssi3PutByte                   
00002389  SysCtlClockGet                
000024a1  SysCtlClockSet                
00002ba1  SysCtlDelay                   
0000299d  SysCtlPeripheralEnable        
00002ac9  SysTickEnable                 
00002add  SysTickIntEnable              
00001bbd  SysTickIntHandler             
00002a51  SysTickIntRegister            
00002b05  SysTickPeriodSet              
00002715  TimerConfigure                
00002b15  TimerEnable                   
00002b69  TimerValueGet                 
00002b73  UARTCharPut                   
0000281d  UARTConfigSetExpClk           
00002a31  UARTDisable                   
00002af1  UARTEnable                    
00002b7d  UARTFIFOEnable                
00001c5d  UARTSend                      
200007d8  __STACK_END                   
00000200  __STACK_SIZE                  
200007d8  __STACK_TOP                   
00000100  __SYSMEM_SIZE                 
00003078  __TI_CINIT_Base               
00003090  __TI_CINIT_Limit              
00003050  __TI_Handler_Table_Base       
0000305c  __TI_Handler_Table_Limit      
000028a9  __TI_auto_init_nobinit_nopinit
000026ab  __TI_decompress_lzss          
00002b23  __TI_decompress_none          
ffffffff  __TI_pprof_out_hndl           
ffffffff  __TI_prof_data_size           
ffffffff  __TI_prof_data_start          
00000000  __TI_static_base__            
00002b3d  __TI_zero_init                
00002387  __aeabi_idiv0                 
00002387  __aeabi_ldiv0                 
00002631  __aeabi_memclr                
00002631  __aeabi_memclr4               
00002631  __aeabi_memclr8               
00002595  __aeabi_memcpy                
00002595  __aeabi_memcpy4               
00002595  __aeabi_memcpy8               
00002633  __aeabi_memset                
00002633  __aeabi_memset4               
00002633  __aeabi_memset8               
000028ed  __aeabi_uidiv                 
000028ed  __aeabi_uidivmod              
ffffffff  __binit__                     
ffffffff  __c_args__                    
UNDEFED   __mpu_init                    
200005d8  __stack                       
000029d1  _c_int00_noargs               
200007d8  _sys_memory                   
UNDEFED   _system_post_cinit            
00002ba7  _system_pre_init              
00002bab  abort                         
ffffffff  binit                         
20000590  bnOledCur                     
00001fd3  checkButton                   
200005d0  clrOledCur                    
00001c7d  displayButtonState            
20000594  dxcoOledFontCur               
20000598  dycoOledFontCur               
2000059c  fOledCharUpdate               
20000000  g_pfnRAMVectors               
00000000  g_pfnVectors                  
00001e31  initButtons                   
00001be5  initClock                     
00001c0f  initDisplay                   
00001bef  initSysTick                   
00001c17  initialiseUSB_UART            
00001cbd  main                          
00002595  memcpy                        
00002639  memset                        
200005a0  modOledCur                    
200005a4  pbOledCur                     
200005a8  pbOledFontCur                 
200005ac  pbOledFontUser                
200005b0  pbOledPatCur                  
200005b4  pfnDoRop                      
00002fac  rgbFillPat                    
2000026c  rgbOledBmp                    
00002bb0  rgbOledFont0                  
2000046c  rgbOledFontUser               
200008dc  slowTick                      
2000056c  statusStr                     
00000751  ulocaltime                    
0000094f  umktime                       
00001eff  updateButtons                 
00000ec9  urand                         
00000721  usnprintf                     
000006ef  usprintf                      
00000eb9  usrand                        
00000e31  ustrcasecmp                   
00000ea5  ustrcmp                       
00000d35  ustrlen                       
00000d8d  ustrncasecmp                  
00000e45  ustrncmp                      
0000026d  ustrncpy                      
00000d57  ustrstr                       
00000afd  ustrtof                       
000009c5  ustrtoul                      
000002c5  uvsnprintf                    
200005b8  xchOledCur                    
200005bc  xchOledMax                    
200005c0  xcoOledCur                    
200005c4  ychOledCur                    
200005c8  ychOledMax                    
200005cc  ycoOledCur                    


GLOBAL SYMBOLS: SORTED BY Symbol Address 

address   name                          
-------   ----                          
00000000  __TI_static_base__            
00000000  g_pfnVectors                  
00000100  __SYSMEM_SIZE                 
00000200  __STACK_SIZE                  
0000026d  ustrncpy                      
000002c5  uvsnprintf                    
000006ef  usprintf                      
00000721  usnprintf                     
00000751  ulocaltime                    
0000094f  umktime                       
000009c5  ustrtoul                      
00000afd  ustrtof                       
00000d35  ustrlen                       
00000d57  ustrstr                       
00000d8d  ustrncasecmp                  
00000e31  ustrcasecmp                   
00000e45  ustrncmp                      
00000ea5  ustrcmp                       
00000eb9  usrand                        
00000ec9  urand                         
00000ef1  OrbitOledMoveTo               
00000f37  OrbitOledGetPos               
00000f53  OrbitOledSetDrawColor         
00000f6b  OrbitOledGetStdPattern        
00000f7d  OrbitOledSetFillPattern       
00000f8d  OrbitOledSetDrawMode          
00000fe1  OrbitOledGetDrawMode          
00000fe7  OrbitOledDrawPixel            
00001013  OrbitOledGetPixel             
0000102d  OrbitOledLineTo               
0000112d  OrbitOledDrawRect             
000011b1  OrbitOledFillRect             
000012f5  OrbitOledGetBmp               
00001455  OrbitOledPutBmp               
00001623  OrbitOledDrawChar             
00001683  OrbitOledDrawString           
000016a1  OrbitOledRopSet               
000016cb  OrbitOledRopOr                
000016ef  OrbitOledRopAnd               
00001713  OrbitOledRopXor               
00001741  OrbitOledMoveUp               
00001779  OrbitOledMoveDown             
000017af  OrbitOledMoveLeft             
000017c7  OrbitOledMoveRight            
000017e1  OrbitOledClampXco             
00001801  OrbitOledClampYco             
00001841  OrbitOledInit                 
00001855  OrbitOledHostInit             
0000191f  OrbitOledDvrInit              
00001999  OrbitOledDevInit              
00001a1d  OrbitOledClear                
00001a29  OrbitOledClearBuffer          
00001a59  OrbitOledUpdate               
00001ab3  OrbitOledPutBuffer            
00001b19  Ssi3PutByte                   
00001bbd  SysTickIntHandler             
00001be5  initClock                     
00001bef  initSysTick                   
00001c0f  initDisplay                   
00001c17  initialiseUSB_UART            
00001c5d  UARTSend                      
00001c7d  displayButtonState            
00001cbd  main                          
00001e31  initButtons                   
00001eff  updateButtons                 
00001fd3  checkButton                   
00002051  OrbitOledSetCursor            
0000209d  OrbitOledGetCursor            
000020b9  OrbitOledDefUserChar          
00002109  OrbitOledSetCharUpdate        
00002121  OrbitOledGetCharUpdate        
00002127  OrbitOledPutChar              
00002145  OrbitOledPutString            
00002171  OrbitOledDrawGlyph            
000021e9  OrbitOledAdvanceCursor        
00002255  GPIOPadConfigSet              
00002387  __aeabi_idiv0                 
00002387  __aeabi_ldiv0                 
00002389  SysCtlClockGet                
000024a1  SysCtlClockSet                
00002595  __aeabi_memcpy                
00002595  __aeabi_memcpy4               
00002595  __aeabi_memcpy8               
00002595  memcpy                        
00002631  __aeabi_memclr                
00002631  __aeabi_memclr4               
00002631  __aeabi_memclr8               
00002633  __aeabi_memset                
00002633  __aeabi_memset4               
00002633  __aeabi_memset8               
00002639  memset                        
000026ab  __TI_decompress_lzss          
00002715  TimerConfigure                
00002775  DelayInit                     
0000278f  DelayMs                       
000027d1  GPIOPinConfigure              
0000281d  UARTConfigSetExpClk           
00002865  OLEDStringDraw                
0000288b  OLEDInitialise                
000028a9  __TI_auto_init_nobinit_nopinit
000028ed  __aeabi_uidiv                 
000028ed  __aeabi_uidivmod              
0000292d  SSIConfigSetExpClk            
00002969  IntRegister                   
0000299d  SysCtlPeripheralEnable        
000029d1  _c_int00_noargs               
00002a05  GPIODirModeSet                
00002a31  UARTDisable                   
00002a51  SysTickIntRegister            
00002a6d  GPIOPinTypeGPIOOutput         
00002a85  GPIOPinTypeGPIOInput          
00002a9b  GPIOPinTypeSSI                
00002ab1  GPIOPinTypeUART               
00002ac9  SysTickEnable                 
00002add  SysTickIntEnable              
00002af1  UARTEnable                    
00002b05  SysTickPeriodSet              
00002b15  TimerEnable                   
00002b23  __TI_decompress_none          
00002b31  SSIDataGet                    
00002b3d  __TI_zero_init                
00002b49  ResetISR                      
00002b55  SSIDataPut                    
00002b5f  SSIEnable                     
00002b69  TimerValueGet                 
00002b73  UARTCharPut                   
00002b7d  UARTFIFOEnable                
00002b87  SSIBusy                       
00002b8f  GPIOPinRead                   
00002b95  GPIOPinWrite                  
00002b9b  SSIClockSourceSet             
00002ba1  SysCtlDelay                   
00002ba7  _system_pre_init              
00002bab  C$$EXIT                       
00002bab  abort                         
00002bb0  rgbOledFont0                  
00002fac  rgbFillPat                    
00003050  __TI_Handler_Table_Base       
0000305c  __TI_Handler_Table_Limit      
00003078  __TI_CINIT_Base               
00003090  __TI_CINIT_Limit              
20000000  g_pfnRAMVectors               
2000026c  rgbOledBmp                    
2000046c  rgbOledFontUser               
2000056c  statusStr                     
20000590  bnOledCur                     
20000594  dxcoOledFontCur               
20000598  dycoOledFontCur               
2000059c  fOledCharUpdate               
200005a0  modOledCur                    
200005a4  pbOledCur                     
200005a8  pbOledFontCur                 
200005ac  pbOledFontUser                
200005b0  pbOledPatCur                  
200005b4  pfnDoRop                      
200005b8  xchOledCur                    
200005bc  xchOledMax                    
200005c0  xcoOledCur                    
200005c4  ychOledCur                    
200005c8  ychOledMax                    
200005cc  ycoOledCur                    
200005d0  clrOledCur                    
200005d8  __stack                       
200007d8  __STACK_END                   
200007d8  __STACK_TOP                   
200007d8  _sys_memory                   
200008dc  slowTick                      
ffffffff  __TI_pprof_out_hndl           
ffffffff  __TI_prof_data_size           
ffffffff  __TI_prof_data_start          
ffffffff  __binit__                     
ffffffff  __c_args__                    
ffffffff  binit                         
UNDEFED   __mpu_init                    
UNDEFED   _system_post_cinit            

[175 symbols]
